Archive member included to satisfy reference by file (symbol)

/opt/Atollic_TrueSTUDIO_for_STM32_x86_64_9.0.0/ARMTools/bin/../lib/gcc/arm-atollic-eabi/6.3.1/../../../../arm-atollic-eabi/lib/armv7e-m/fpu/libc_nano.a(lib_a-init.o)
                              src/startup_stm32f429x.o (__libc_init_array)
/opt/Atollic_TrueSTUDIO_for_STM32_x86_64_9.0.0/ARMTools/bin/../lib/gcc/arm-atollic-eabi/6.3.1/../../../../arm-atollic-eabi/lib/armv7e-m/fpu/libc_nano.a(lib_a-strlen.o)
                              src/tiny_printf.o (strlen)
/opt/Atollic_TrueSTUDIO_for_STM32_x86_64_9.0.0/ARMTools/bin/../lib/gcc/arm-atollic-eabi/6.3.1/../../../../arm-atollic-eabi/lib/armv7e-m/fpu/libnosys.a(write.o)
                              src/tiny_printf.o (_write)
/opt/Atollic_TrueSTUDIO_for_STM32_x86_64_9.0.0/ARMTools/bin/../lib/gcc/arm-atollic-eabi/6.3.1/../../../../arm-atollic-eabi/lib/armv7e-m/fpu/libnosys.a(errno.o)
                              /opt/Atollic_TrueSTUDIO_for_STM32_x86_64_9.0.0/ARMTools/bin/../lib/gcc/arm-atollic-eabi/6.3.1/../../../../arm-atollic-eabi/lib/armv7e-m/fpu/libnosys.a(write.o) (errno)

Allocating common symbols
Common symbol       size              file

LCD_CacheBuffer_yptr_bottom_bak
                    0x2               Utilities/Common/lcd_log.o
LCD_CacheBuffer_yptr_top_bak
                    0x2               Utilities/Common/lcd_log.o
sEEDMA_InitStructure
                    0x3c              Utilities/STM32F429I-Discovery/stm32f429i_discovery.o
errno               0x4               /opt/Atollic_TrueSTUDIO_for_STM32_x86_64_9.0.0/ARMTools/bin/../lib/gcc/arm-atollic-eabi/6.3.1/../../../../arm-atollic-eabi/lib/armv7e-m/fpu/libnosys.a(errno.o)
sEEDataWritePointer
                    0x4               Utilities/STM32F429I-Discovery/stm32f429i_discovery_i2c_ee.o
LCD_CacheBuffer_yptr_bottom
                    0x2               Utilities/Common/lcd_log.o
sEEDataNum          0x1               Utilities/STM32F429I-Discovery/stm32f429i_discovery_i2c_ee.o
LCD_CacheBuffer_xptr
                    0x2               Utilities/Common/lcd_log.o
LCD_CacheBuffer_yptr_invert
                    0x1               Utilities/Common/lcd_log.o
LCD_Lock            0x1               Utilities/Common/lcd_log.o
LCD_Scrolled        0x1               Utilities/Common/lcd_log.o
LCD_CacheBuffer_yptr_top
                    0x2               Utilities/Common/lcd_log.o
LCD_ScrollActive    0x1               Utilities/Common/lcd_log.o
LCD_CacheBuffer     0xc98             Utilities/Common/lcd_log.o
sEEDataReadPointer  0x4               Utilities/STM32F429I-Discovery/stm32f429i_discovery_i2c_ee.o
TP_State            0x8               Utilities/STM32F429I-Discovery/stm32f429i_discovery_ioe.o
LCD_LineColor       0x2               Utilities/Common/lcd_log.o
NVIC_InitStructure  0x4               Utilities/STM32F429I-Discovery/stm32f429i_discovery.o
LCD_ScrollBackStep  0x2               Utilities/Common/lcd_log.o

Discarded input sections

 .text          0x0000000000000000        0x0 /opt/Atollic_TrueSTUDIO_for_STM32_x86_64_9.0.0/ARMTools/bin/../lib/gcc/arm-atollic-eabi/6.3.1/armv7e-m/fpu/crti.o
 .data          0x0000000000000000        0x0 /opt/Atollic_TrueSTUDIO_for_STM32_x86_64_9.0.0/ARMTools/bin/../lib/gcc/arm-atollic-eabi/6.3.1/armv7e-m/fpu/crti.o
 .bss           0x0000000000000000        0x0 /opt/Atollic_TrueSTUDIO_for_STM32_x86_64_9.0.0/ARMTools/bin/../lib/gcc/arm-atollic-eabi/6.3.1/armv7e-m/fpu/crti.o
 .data          0x0000000000000000        0x4 /opt/Atollic_TrueSTUDIO_for_STM32_x86_64_9.0.0/ARMTools/bin/../lib/gcc/arm-atollic-eabi/6.3.1/armv7e-m/fpu/crtbegin.o
 .text          0x0000000000000000        0x0 Libraries/STM32F4xx_StdPeriph_Driver/src/misc.o
 .data          0x0000000000000000        0x0 Libraries/STM32F4xx_StdPeriph_Driver/src/misc.o
 .bss           0x0000000000000000        0x0 Libraries/STM32F4xx_StdPeriph_Driver/src/misc.o
 .text.NVIC_PriorityGroupConfig
                0x0000000000000000       0x28 Libraries/STM32F4xx_StdPeriph_Driver/src/misc.o
 .text.NVIC_Init
                0x0000000000000000       0xc4 Libraries/STM32F4xx_StdPeriph_Driver/src/misc.o
 .text.NVIC_SetVectorTable
                0x0000000000000000       0x2c Libraries/STM32F4xx_StdPeriph_Driver/src/misc.o
 .text.NVIC_SystemLPConfig
                0x0000000000000000       0x44 Libraries/STM32F4xx_StdPeriph_Driver/src/misc.o
 .text.SysTick_CLKSourceConfig
                0x0000000000000000       0x38 Libraries/STM32F4xx_StdPeriph_Driver/src/misc.o
 .debug_info    0x0000000000000000      0x54d Libraries/STM32F4xx_StdPeriph_Driver/src/misc.o
 .debug_abbrev  0x0000000000000000      0x172 Libraries/STM32F4xx_StdPeriph_Driver/src/misc.o
 .debug_aranges
                0x0000000000000000       0x40 Libraries/STM32F4xx_StdPeriph_Driver/src/misc.o
 .debug_ranges  0x0000000000000000       0x30 Libraries/STM32F4xx_StdPeriph_Driver/src/misc.o
 .debug_line    0x0000000000000000      0x240 Libraries/STM32F4xx_StdPeriph_Driver/src/misc.o
[...]
Memory Configuration

Name             Origin             Length             Attributes
FLASH            0x0000000008000000 0x0000000000200000 xr
RAM              0x0000000020000000 0x0000000000030000 xrw
MEMORY_B1        0x0000000060000000 0x0000000000000000 xr
CCMRAM           0x0000000010000000 0x0000000000010000 rw
*default*        0x0000000000000000 0xffffffffffffffff

Linker script and memory map

LOAD /opt/Atollic_TrueSTUDIO_for_STM32_x86_64_9.0.0/ARMTools/bin/../lib/gcc/arm-atollic-eabi/6.3.1/armv7e-m/fpu/crti.o
LOAD /opt/Atollic_TrueSTUDIO_for_STM32_x86_64_9.0.0/ARMTools/bin/../lib/gcc/arm-atollic-eabi/6.3.1/armv7e-m/fpu/crtbegin.o
LOAD Libraries/STM32F4xx_StdPeriph_Driver/src/misc.o
LOAD Libraries/STM32F4xx_StdPeriph_Driver/src/stm32f4xx_adc.o
LOAD Libraries/STM32F4xx_StdPeriph_Driver/src/stm32f4xx_can.o
LOAD Libraries/STM32F4xx_StdPeriph_Driver/src/stm32f4xx_crc.o
LOAD Libraries/STM32F4xx_StdPeriph_Driver/src/stm32f4xx_cryp.o
LOAD Libraries/STM32F4xx_StdPeriph_Driver/src/stm32f4xx_cryp_aes.o
LOAD Libraries/STM32F4xx_StdPeriph_Driver/src/stm32f4xx_cryp_des.o
LOAD Libraries/STM32F4xx_StdPeriph_Driver/src/stm32f4xx_cryp_tdes.o
LOAD Libraries/STM32F4xx_StdPeriph_Driver/src/stm32f4xx_dac.o
LOAD Libraries/STM32F4xx_StdPeriph_Driver/src/stm32f4xx_dbgmcu.o
LOAD Libraries/STM32F4xx_StdPeriph_Driver/src/stm32f4xx_dcmi.o
LOAD Libraries/STM32F4xx_StdPeriph_Driver/src/stm32f4xx_dma.o
LOAD Libraries/STM32F4xx_StdPeriph_Driver/src/stm32f4xx_dma2d.o
LOAD Libraries/STM32F4xx_StdPeriph_Driver/src/stm32f4xx_exti.o
LOAD Libraries/STM32F4xx_StdPeriph_Driver/src/stm32f4xx_flash.o
LOAD Libraries/STM32F4xx_StdPeriph_Driver/src/stm32f4xx_fmc.o
LOAD Libraries/STM32F4xx_StdPeriph_Driver/src/stm32f4xx_gpio.o
LOAD Libraries/STM32F4xx_StdPeriph_Driver/src/stm32f4xx_hash.o
LOAD Libraries/STM32F4xx_StdPeriph_Driver/src/stm32f4xx_hash_md5.o
LOAD Libraries/STM32F4xx_StdPeriph_Driver/src/stm32f4xx_hash_sha1.o
LOAD Libraries/STM32F4xx_StdPeriph_Driver/src/stm32f4xx_i2c.o
LOAD Libraries/STM32F4xx_StdPeriph_Driver/src/stm32f4xx_iwdg.o
LOAD Libraries/STM32F4xx_StdPeriph_Driver/src/stm32f4xx_ltdc.o
LOAD Libraries/STM32F4xx_StdPeriph_Driver/src/stm32f4xx_pwr.o
LOAD Libraries/STM32F4xx_StdPeriph_Driver/src/stm32f4xx_rcc.o
LOAD Libraries/STM32F4xx_StdPeriph_Driver/src/stm32f4xx_rng.o
LOAD Libraries/STM32F4xx_StdPeriph_Driver/src/stm32f4xx_rtc.o
LOAD Libraries/STM32F4xx_StdPeriph_Driver/src/stm32f4xx_sai.o
LOAD Libraries/STM32F4xx_StdPeriph_Driver/src/stm32f4xx_sdio.o
LOAD Libraries/STM32F4xx_StdPeriph_Driver/src/stm32f4xx_spi.o
LOAD Libraries/STM32F4xx_StdPeriph_Driver/src/stm32f4xx_syscfg.o
LOAD Libraries/STM32F4xx_StdPeriph_Driver/src/stm32f4xx_tim.o
LOAD Libraries/STM32F4xx_StdPeriph_Driver/src/stm32f4xx_usart.o
LOAD Libraries/STM32F4xx_StdPeriph_Driver/src/stm32f4xx_wwdg.o
LOAD Utilities/Common/fonts.o
LOAD Utilities/Common/lcd_log.o
LOAD Utilities/STM32F429I-Discovery/stm32f429i_discovery.o
LOAD Utilities/STM32F429I-Discovery/stm32f429i_discovery_i2c_ee.o
LOAD Utilities/STM32F429I-Discovery/stm32f429i_discovery_ioe.o
LOAD Utilities/STM32F429I-Discovery/stm32f429i_discovery_l3gd20.o
LOAD Utilities/STM32F429I-Discovery/stm32f429i_discovery_lcd.o
LOAD Utilities/STM32F429I-Discovery/stm32f429i_discovery_sdram.o
LOAD src/main.o
LOAD src/startup_stm32f429x.o
LOAD src/stm32f4xx_it.o
LOAD src/system_stm32f4xx.o
LOAD src/tiny_printf.o
                0x0000000000000080                malloc_getpagesize_P = 0x80
START GROUP
LOAD /opt/Atollic_TrueSTUDIO_for_STM32_x86_64_9.0.0/ARMTools/bin/../lib/gcc/arm-atollic-eabi/6.3.1/../../../../arm-atollic-eabi/lib/armv7e-m/fpu/libc_nano.a
LOAD /opt/Atollic_TrueSTUDIO_for_STM32_x86_64_9.0.0/ARMTools/bin/../lib/gcc/arm-atollic-eabi/6.3.1/../../../../arm-atollic-eabi/lib/armv7e-m/fpu/libm.a
END GROUP
START GROUP
LOAD /opt/Atollic_TrueSTUDIO_for_STM32_x86_64_9.0.0/ARMTools/bin/../lib/gcc/arm-atollic-eabi/6.3.1/armv7e-m/fpu/libgcc.a
LOAD /opt/Atollic_TrueSTUDIO_for_STM32_x86_64_9.0.0/ARMTools/bin/../lib/gcc/arm-atollic-eabi/6.3.1/../../../../arm-atollic-eabi/lib/armv7e-m/fpu/libc_nano.a
END GROUP
START GROUP
LOAD /opt/Atollic_TrueSTUDIO_for_STM32_x86_64_9.0.0/ARMTools/bin/../lib/gcc/arm-atollic-eabi/6.3.1/armv7e-m/fpu/libgcc.a
LOAD /opt/Atollic_TrueSTUDIO_for_STM32_x86_64_9.0.0/ARMTools/bin/../lib/gcc/arm-atollic-eabi/6.3.1/../../../../arm-atollic-eabi/lib/armv7e-m/fpu/libc_nano.a
LOAD /opt/Atollic_TrueSTUDIO_for_STM32_x86_64_9.0.0/ARMTools/bin/../lib/gcc/arm-atollic-eabi/6.3.1/../../../../arm-atollic-eabi/lib/armv7e-m/fpu/libnosys.a
END GROUP
START GROUP
LOAD /opt/Atollic_TrueSTUDIO_for_STM32_x86_64_9.0.0/ARMTools/bin/../lib/gcc/arm-atollic-eabi/6.3.1/armv7e-m/fpu/libgcc.a
LOAD /opt/Atollic_TrueSTUDIO_for_STM32_x86_64_9.0.0/ARMTools/bin/../lib/gcc/arm-atollic-eabi/6.3.1/../../../../arm-atollic-eabi/lib/armv7e-m/fpu/libc_nano.a
LOAD /opt/Atollic_TrueSTUDIO_for_STM32_x86_64_9.0.0/ARMTools/bin/../lib/gcc/arm-atollic-eabi/6.3.1/../../../../arm-atollic-eabi/lib/armv7e-m/fpu/libnosys.a
END GROUP
LOAD /opt/Atollic_TrueSTUDIO_for_STM32_x86_64_9.0.0/ARMTools/bin/../lib/gcc/arm-atollic-eabi/6.3.1/armv7e-m/fpu/crtend.o
LOAD /opt/Atollic_TrueSTUDIO_for_STM32_x86_64_9.0.0/ARMTools/bin/../lib/gcc/arm-atollic-eabi/6.3.1/armv7e-m/fpu/crtn.o
                0x0000000020030000                _estack = 0x20030000
                0x0000000000000000                _Min_Heap_Size = 0x0
                0x0000000000000400                _Min_Stack_Size = 0x400

.isr_vector     0x0000000008000000      0x1ac
                0x0000000008000000                . = ALIGN (0x4)
 *(.isr_vector)
 .isr_vector    0x0000000008000000      0x1ac src/startup_stm32f429x.o
                0x0000000008000000                g_pfnVectors
                0x00000000080001ac                . = ALIGN (0x4)

.text           0x00000000080001ac      0x740
                0x00000000080001ac                . = ALIGN (0x4)
 *(.text)
 .text          0x00000000080001ac       0x40 /opt/Atollic_TrueSTUDIO_for_STM32_x86_64_9.0.0/ARMTools/bin/../lib/gcc/arm-atollic-eabi/6.3.1/armv7e-m/fpu/crtbegin.o
 *(.text*)
 .text.DMA_Cmd  0x00000000080001ec       0x38 Libraries/STM32F4xx_StdPeriph_Driver/src/stm32f4xx_dma.o
                0x00000000080001ec                DMA_Cmd
 .text.DMA_GetFlagStatus
                0x0000000008000224       0x78 Libraries/STM32F4xx_StdPeriph_Driver/src/stm32f4xx_dma.o
                0x0000000008000224                DMA_GetFlagStatus
 .text.DMA_ClearFlag
                0x000000000800029c       0x5c Libraries/STM32F4xx_StdPeriph_Driver/src/stm32f4xx_dma.o
                0x000000000800029c                DMA_ClearFlag
 .text.GPIO_Init
                0x00000000080002f8      0x11c Libraries/STM32F4xx_StdPeriph_Driver/src/stm32f4xx_gpio.o
                0x00000000080002f8                GPIO_Init
 .text.I2C_GenerateSTOP
                0x0000000008000414       0x40 Libraries/STM32F4xx_StdPeriph_Driver/src/stm32f4xx_i2c.o
                0x0000000008000414                I2C_GenerateSTOP
 .text.I2C_GetFlagStatus
                0x0000000008000454       0x66 Libraries/STM32F4xx_StdPeriph_Driver/src/stm32f4xx_i2c.o
                0x0000000008000454                I2C_GetFlagStatus
 *fill*         0x00000000080004ba        0x2 
 .text.RCC_AHB1PeriphClockCmd
                0x00000000080004bc       0x40 Libraries/STM32F4xx_StdPeriph_Driver/src/stm32f4xx_rcc.o
                0x00000000080004bc                RCC_AHB1PeriphClockCmd
 .text.STM_EVAL_LEDInit
                0x00000000080004fc       0x5c Utilities/STM32F429I-Discovery/stm32f429i_discovery.o
                0x00000000080004fc                STM_EVAL_LEDInit
 .text.STM_EVAL_LEDOn
                0x0000000008000558       0x30 Utilities/STM32F429I-Discovery/stm32f429i_discovery.o
                0x0000000008000558                STM_EVAL_LEDOn
 .text.DMA1_Stream4_IRQHandler
                0x0000000008000588       0x78 Utilities/STM32F429I-Discovery/stm32f429i_discovery_i2c_ee.o
                0x0000000008000588                DMA1_Stream4_IRQHandler
 .text.DMA1_Stream2_IRQHandler
                0x0000000008000600       0x48 Utilities/STM32F429I-Discovery/stm32f429i_discovery_i2c_ee.o
                0x0000000008000600                DMA1_Stream2_IRQHandler
 .text.main     0x0000000008000648       0x2a src/main.o
                0x0000000008000648                main
 .text.sEE_TIMEOUT_UserCallback
                0x0000000008000672        0x6 src/main.o
                0x0000000008000672                sEE_TIMEOUT_UserCallback
 .text.Reset_Handler
                0x0000000008000678       0x50 src/startup_stm32f429x.o
                0x0000000008000678                Reset_Handler
 .text.Default_Handler
                0x00000000080006c8        0x2 src/startup_stm32f429x.o
                0x00000000080006c8                RTC_Alarm_IRQHandler
                0x00000000080006c8                HASH_RNG_IRQHandler
                0x00000000080006c8                EXTI2_IRQHandler
                0x00000000080006c8                TIM8_CC_IRQHandler
                0x00000000080006c8                UART8_IRQHandler
                0x00000000080006c8                SPI4_IRQHandler
                0x00000000080006c8                TIM1_CC_IRQHandler
                0x00000000080006c8                DMA2_Stream5_IRQHandler
                0x00000000080006c8                DMA1_Stream5_IRQHandler
                0x00000000080006c8                PVD_IRQHandler
                0x00000000080006c8                SDIO_IRQHandler
                0x00000000080006c8                TAMP_STAMP_IRQHandler
                0x00000000080006c8                CAN2_RX1_IRQHandler
                0x00000000080006c8                EXTI3_IRQHandler
                0x00000000080006c8                TIM8_TRG_COM_TIM14_IRQHandler
                0x00000000080006c8                TIM1_UP_TIM10_IRQHandler
                0x00000000080006c8                TIM8_UP_TIM13_IRQHandler
                0x00000000080006c8                I2C3_ER_IRQHandler
                0x00000000080006c8                EXTI0_IRQHandler
                0x00000000080006c8                I2C2_EV_IRQHandler
                0x00000000080006c8                CAN1_RX0_IRQHandler
                0x00000000080006c8                FPU_IRQHandler
                0x00000000080006c8                OTG_HS_WKUP_IRQHandler
                0x00000000080006c8                LTDC_ER_IRQHandler
                0x00000000080006c8                CAN2_SCE_IRQHandler
                0x00000000080006c8                DMA2_Stream2_IRQHandler
                0x00000000080006c8                SPI1_IRQHandler
                0x00000000080006c8                TIM6_DAC_IRQHandler
                0x00000000080006c8                TIM1_BRK_TIM9_IRQHandler
                0x00000000080006c8                DCMI_IRQHandler
                0x00000000080006c8                CAN2_RX0_IRQHandler
                0x00000000080006c8                DMA2_Stream3_IRQHandler
                0x00000000080006c8                USART6_IRQHandler
                0x00000000080006c8                USART3_IRQHandler
                0x00000000080006c8                CRYP_IRQHandler
                0x00000000080006c8                CAN1_RX1_IRQHandler
                0x00000000080006c8                UART5_IRQHandler
                0x00000000080006c8                DMA2_Stream0_IRQHandler
                0x00000000080006c8                TIM4_IRQHandler
                0x00000000080006c8                I2C1_EV_IRQHandler
                0x00000000080006c8                DMA1_Stream6_IRQHandler
                0x00000000080006c8                DMA1_Stream1_IRQHandler
                0x00000000080006c8                UART4_IRQHandler
                0x00000000080006c8                TIM3_IRQHandler
                0x00000000080006c8                RCC_IRQHandler
                0x00000000080006c8                TIM8_BRK_TIM12_IRQHandler
                0x00000000080006c8                Default_Handler
                0x00000000080006c8                EXTI15_10_IRQHandler
                0x00000000080006c8                ADC_IRQHandler
                0x00000000080006c8                DMA1_Stream7_IRQHandler
                0x00000000080006c8                SPI5_IRQHandler
                0x00000000080006c8                TIM7_IRQHandler
                0x00000000080006c8                CAN2_TX_IRQHandler
                0x00000000080006c8                TIM5_IRQHandler
                0x00000000080006c8                DMA2_Stream7_IRQHandler
                0x00000000080006c8                I2C3_EV_IRQHandler
                0x00000000080006c8                EXTI9_5_IRQHandler
                0x00000000080006c8                RTC_WKUP_IRQHandler
                0x00000000080006c8                LTDC_IRQHandler
                0x00000000080006c8                ETH_WKUP_IRQHandler
                0x00000000080006c8                SPI2_IRQHandler
                0x00000000080006c8                OTG_HS_EP1_IN_IRQHandler
                0x00000000080006c8                DMA1_Stream0_IRQHandler
                0x00000000080006c8                CAN1_TX_IRQHandler
                0x00000000080006c8                EXTI4_IRQHandler
                0x00000000080006c8                ETH_IRQHandler
                0x00000000080006c8                OTG_HS_EP1_OUT_IRQHandler
                0x00000000080006c8                WWDG_IRQHandler
                0x00000000080006c8                SPI6_IRQHandler
                0x00000000080006c8                TIM2_IRQHandler
                0x00000000080006c8                OTG_FS_WKUP_IRQHandler
                0x00000000080006c8                TIM1_TRG_COM_TIM11_IRQHandler
                0x00000000080006c8                OTG_HS_IRQHandler
                0x00000000080006c8                DMA2D_IRQHandler
                0x00000000080006c8                EXTI1_IRQHandler
                0x00000000080006c8                UART7_IRQHandler
                0x00000000080006c8                USART2_IRQHandler
                0x00000000080006c8                I2C2_ER_IRQHandler
                0x00000000080006c8                DMA2_Stream1_IRQHandler
                0x00000000080006c8                CAN1_SCE_IRQHandler
                0x00000000080006c8                FLASH_IRQHandler
                0x00000000080006c8                DMA2_Stream4_IRQHandler
                0x00000000080006c8                USART1_IRQHandler
                0x00000000080006c8                OTG_FS_IRQHandler
                0x00000000080006c8                SPI3_IRQHandler
                0x00000000080006c8                I2C1_ER_IRQHandler
                0x00000000080006c8                FMC_IRQHandler
                0x00000000080006c8                DMA2_Stream6_IRQHandler
                0x00000000080006c8                SAI1_IRQHandler
                0x00000000080006c8                DMA1_Stream3_IRQHandler
 .text.NMI_Handler
                0x00000000080006ca        0xe src/stm32f4xx_it.o
                0x00000000080006ca                NMI_Handler
 .text.HardFault_Handler
                0x00000000080006d8        0x6 src/stm32f4xx_it.o
                0x00000000080006d8                HardFault_Handler
 .text.MemManage_Handler
                0x00000000080006de        0x6 src/stm32f4xx_it.o
                0x00000000080006de                MemManage_Handler
 .text.BusFault_Handler
                0x00000000080006e4        0x6 src/stm32f4xx_it.o
                0x00000000080006e4                BusFault_Handler
 .text.UsageFault_Handler
                0x00000000080006ea        0x6 src/stm32f4xx_it.o
                0x00000000080006ea                UsageFault_Handler
 .text.SVC_Handler
                0x00000000080006f0        0xe src/stm32f4xx_it.o
                0x00000000080006f0                SVC_Handler
 .text.DebugMon_Handler
                0x00000000080006fe        0xe src/stm32f4xx_it.o
                0x00000000080006fe                DebugMon_Handler
 .text.PendSV_Handler
                0x000000000800070c        0xe src/stm32f4xx_it.o
                0x000000000800070c                PendSV_Handler
 .text.SysTick_Handler
                0x000000000800071a        0xe src/stm32f4xx_it.o
                0x000000000800071a                SysTick_Handler
 .text.SystemInit
                0x0000000008000728       0x6c src/system_stm32f4xx.o
                0x0000000008000728                SystemInit
 .text.SetSysClock
                0x0000000008000794       0xf8 src/system_stm32f4xx.o
 .text.__libc_init_array
                0x000000000800088c       0x48 /opt/Atollic_TrueSTUDIO_for_STM32_x86_64_9.0.0/ARMTools/bin/../lib/gcc/arm-atollic-eabi/6.3.1/../../../../arm-atollic-eabi/lib/armv7e-m/fpu/libc_nano.a(lib_a-init.o)
                0x000000000800088c                __libc_init_array
 *(.glue_7)
 .glue_7        0x00000000080008d4        0x0 linker stubs
 *(.glue_7t)
 .glue_7t       0x00000000080008d4        0x0 linker stubs
 *(.eh_frame)
 .eh_frame      0x00000000080008d4        0x0 /opt/Atollic_TrueSTUDIO_for_STM32_x86_64_9.0.0/ARMTools/bin/../lib/gcc/arm-atollic-eabi/6.3.1/armv7e-m/fpu/crtbegin.o
 *(.init)
 .init          0x00000000080008d4        0x4 /opt/Atollic_TrueSTUDIO_for_STM32_x86_64_9.0.0/ARMTools/bin/../lib/gcc/arm-atollic-eabi/6.3.1/armv7e-m/fpu/crti.o
                0x00000000080008d4                _init
 .init          0x00000000080008d8        0x8 /opt/Atollic_TrueSTUDIO_for_STM32_x86_64_9.0.0/ARMTools/bin/../lib/gcc/arm-atollic-eabi/6.3.1/armv7e-m/fpu/crtn.o
 *(.fini)
 .fini          0x00000000080008e0        0x4 /opt/Atollic_TrueSTUDIO_for_STM32_x86_64_9.0.0/ARMTools/bin/../lib/gcc/arm-atollic-eabi/6.3.1/armv7e-m/fpu/crti.o
                0x00000000080008e0                _fini
 .fini          0x00000000080008e4        0x8 /opt/Atollic_TrueSTUDIO_for_STM32_x86_64_9.0.0/ARMTools/bin/../lib/gcc/arm-atollic-eabi/6.3.1/armv7e-m/fpu/crtn.o
                0x00000000080008ec                . = ALIGN (0x4)
                0x00000000080008ec                _etext = .

.vfp11_veneer   0x00000000080008ec        0x0
 .vfp11_veneer  0x00000000080008ec        0x0 linker stubs

.v4_bx          0x00000000080008ec        0x0
 .v4_bx         0x00000000080008ec        0x0 linker stubs

.iplt           0x00000000080008ec        0x0
 .iplt          0x00000000080008ec        0x0 /opt/Atollic_TrueSTUDIO_for_STM32_x86_64_9.0.0/ARMTools/bin/../lib/gcc/arm-atollic-eabi/6.3.1/armv7e-m/fpu/crtbegin.o

.rodata         0x00000000080008ec        0xc
                0x00000000080008ec                . = ALIGN (0x4)
 *(.rodata)
 *(.rodata*)
 .rodata.GPIO_PIN
                0x00000000080008ec        0x4 Utilities/STM32F429I-Discovery/stm32f429i_discovery.o
                0x00000000080008ec                GPIO_PIN
 .rodata.GPIO_CLK
                0x00000000080008f0        0x8 Utilities/STM32F429I-Discovery/stm32f429i_discovery.o
                0x00000000080008f0                GPIO_CLK
                0x00000000080008f8                . = ALIGN (0x4)

.rel.dyn        0x00000000080008f8        0x0
 .rel.iplt      0x00000000080008f8        0x0 /opt/Atollic_TrueSTUDIO_for_STM32_x86_64_9.0.0/ARMTools/bin/../lib/gcc/arm-atollic-eabi/6.3.1/armv7e-m/fpu/crtbegin.o

.ARM.extab
 *(.ARM.extab* .gnu.linkonce.armextab.*)

.ARM            0x00000000080008f8        0x0
                0x00000000080008f8                __exidx_start = .
 *(.ARM.exidx*)
                0x00000000080008f8                __exidx_end = .

.preinit_array  0x00000000080008f8        0x0
                0x00000000080008f8                PROVIDE (__preinit_array_start, .)
 *(.preinit_array*)
                0x00000000080008f8                PROVIDE (__preinit_array_end, .)

.init_array     0x00000000080008f8        0x4
                0x00000000080008f8                PROVIDE (__init_array_start, .)
 *(SORT(.init_array.*))
 *(.init_array*)
 .init_array    0x00000000080008f8        0x4 /opt/Atollic_TrueSTUDIO_for_STM32_x86_64_9.0.0/ARMTools/bin/../lib/gcc/arm-atollic-eabi/6.3.1/armv7e-m/fpu/crtbegin.o
                0x00000000080008fc                PROVIDE (__init_array_end, .)

.fini_array     0x00000000080008fc        0x4
                [!provide]                        PROVIDE (__fini_array_start, .)
 *(SORT(.fini_array.*))
 *(.fini_array*)
 .fini_array    0x00000000080008fc        0x4 /opt/Atollic_TrueSTUDIO_for_STM32_x86_64_9.0.0/ARMTools/bin/../lib/gcc/arm-atollic-eabi/6.3.1/armv7e-m/fpu/crtbegin.o
                [!provide]                        PROVIDE (__fini_array_end, .)
                0x0000000008000900                _sidata = LOADADDR (.data)

.data           0x0000000020000000        0xc load address 0x0000000008000900
                0x0000000020000000                . = ALIGN (0x4)
                0x0000000020000000                _sdata = .
 *(.data)
 *(.data*)
 .data.GPIO_PORT
                0x0000000020000000        0x8 Utilities/STM32F429I-Discovery/stm32f429i_discovery.o
                0x0000000020000000                GPIO_PORT
 .data.sEETimeout
                0x0000000020000008        0x4 Utilities/STM32F429I-Discovery/stm32f429i_discovery_i2c_ee.o
                0x0000000020000008                sEETimeout
                0x000000002000000c                . = ALIGN (0x4)
                0x000000002000000c                _edata = .
                0x000000000800090c                _siccmram = LOADADDR (.ccmram)

.igot.plt       0x000000002000000c        0x0 load address 0x000000000800090c
 .igot.plt      0x000000002000000c        0x0 /opt/Atollic_TrueSTUDIO_for_STM32_x86_64_9.0.0/ARMTools/bin/../lib/gcc/arm-atollic-eabi/6.3.1/armv7e-m/fpu/crtbegin.o

.ccmram         0x0000000010000000        0x0 load address 0x000000000800090c
                0x0000000010000000                . = ALIGN (0x4)
                0x0000000010000000                _sccmram = .
 *(.ccmram)
 *(.ccmram*)
                0x0000000010000000                . = ALIGN (0x4)
                0x0000000010000000                _eccmram = .
                0x0000000010000000                . = ALIGN (0x4)

.bss            0x000000002000000c       0x28
                0x000000002000000c                _sbss = .
                0x000000002000000c                __bss_start__ = _sbss
 *(.bss)
 .bss           0x000000002000000c       0x1c /opt/Atollic_TrueSTUDIO_for_STM32_x86_64_9.0.0/ARMTools/bin/../lib/gcc/arm-atollic-eabi/6.3.1/armv7e-m/fpu/crtbegin.o
 *(.bss*)
 *(COMMON)
 COMMON         0x0000000020000028        0xc Utilities/STM32F429I-Discovery/stm32f429i_discovery_i2c_ee.o
                0x0000000020000028                sEEDataWritePointer
                0x000000002000002c                sEEDataNum
                0x0000000020000030                sEEDataReadPointer
                0x0000000020000034                . = ALIGN (0x4)
                0x0000000020000034                _ebss = .
                0x0000000020000034                __bss_end__ = _ebss

._user_heap_stack
                0x0000000020000034      0x400
                0x0000000020000034                . = ALIGN (0x4)
                [!provide]                        PROVIDE (end, .)
                [!provide]                        PROVIDE (_end, .)
                0x0000000020000034                . = (. + _Min_Heap_Size)
                0x0000000020000434                . = (. + _Min_Stack_Size)
 *fill*         0x0000000020000034      0x400 
                0x0000000020000434                . = ALIGN (0x4)

.memory_b1_text
 *(.mb1text)
 *(.mb1text*)
 *(.mb1rodata)
 *(.mb1rodata*)

/DISCARD/
 libc.a(*)
 libm.a(*)
 libgcc.a(*)

.ARM.attributes
                0x0000000000000000       0x30
 *(.ARM.attributes)
 .ARM.attributes
                0x0000000000000000       0x22 /opt/Atollic_TrueSTUDIO_for_STM32_x86_64_9.0.0/ARMTools/bin/../lib/gcc/arm-atollic-eabi/6.3.1/armv7e-m/fpu/crti.o
 .ARM.attributes
                0x0000000000000022       0x34 /opt/Atollic_TrueSTUDIO_for_STM32_x86_64_9.0.0/ARMTools/bin/../lib/gcc/arm-atollic-eabi/6.3.1/armv7e-m/fpu/crtbegin.o
 .ARM.attributes
                0x0000000000000056       0x39 Libraries/STM32F4xx_StdPeriph_Driver/src/stm32f4xx_dma.o
 .ARM.attributes
                0x000000000000008f       0x39 Libraries/STM32F4xx_StdPeriph_Driver/src/stm32f4xx_gpio.o
 .ARM.attributes
                0x00000000000000c8       0x39 Libraries/STM32F4xx_StdPeriph_Driver/src/stm32f4xx_i2c.o
 .ARM.attributes
                0x0000000000000101       0x39 Libraries/STM32F4xx_StdPeriph_Driver/src/stm32f4xx_rcc.o
 .ARM.attributes
                0x000000000000013a       0x39 Utilities/STM32F429I-Discovery/stm32f429i_discovery.o
 .ARM.attributes
                0x0000000000000173       0x39 Utilities/STM32F429I-Discovery/stm32f429i_discovery_i2c_ee.o
 .ARM.attributes
                0x00000000000001ac       0x39 src/main.o
 .ARM.attributes
                0x00000000000001e5       0x21 src/startup_stm32f429x.o
 .ARM.attributes
                0x0000000000000206       0x39 src/stm32f4xx_it.o
 .ARM.attributes
                0x000000000000023f       0x39 src/system_stm32f4xx.o
 .ARM.attributes
                0x0000000000000278       0x34 /opt/Atollic_TrueSTUDIO_for_STM32_x86_64_9.0.0/ARMTools/bin/../lib/gcc/arm-atollic-eabi/6.3.1/../../../../arm-atollic-eabi/lib/armv7e-m/fpu/libc_nano.a(lib_a-init.o)
 .ARM.attributes
                0x00000000000002ac       0x22 /opt/Atollic_TrueSTUDIO_for_STM32_x86_64_9.0.0/ARMTools/bin/../lib/gcc/arm-atollic-eabi/6.3.1/armv7e-m/fpu/crtn.o
OUTPUT(first.elf elf32-littlearm)

.debug_info     0x0000000000000000     0x40cb
 .debug_info    0x0000000000000000      0x74c Libraries/STM32F4xx_StdPeriph_Driver/src/stm32f4xx_dma.o
 .debug_info    0x000000000000074c      0x628 Libraries/STM32F4xx_StdPeriph_Driver/src/stm32f4xx_gpio.o
 .debug_info    0x0000000000000d74      0xb9e Libraries/STM32F4xx_StdPeriph_Driver/src/stm32f4xx_i2c.o
 .debug_info    0x0000000000001912      0xe36 Libraries/STM32F4xx_StdPeriph_Driver/src/stm32f4xx_rcc.o
 .debug_info    0x0000000000002748      0xbbb Utilities/STM32F429I-Discovery/stm32f429i_discovery.o
 .debug_info    0x0000000000003303      0x50d Utilities/STM32F429I-Discovery/stm32f429i_discovery_i2c_ee.o
 .debug_info    0x0000000000003810      0x10b src/main.o
 .debug_info    0x000000000000391b       0x65 src/startup_stm32f429x.o
 .debug_info    0x0000000000003980      0x154 src/stm32f4xx_it.o
 .debug_info    0x0000000000003ad4      0x5f7 src/system_stm32f4xx.o

.debug_abbrev   0x0000000000000000      0xcd9
 .debug_abbrev  0x0000000000000000      0x168 Libraries/STM32F4xx_StdPeriph_Driver/src/stm32f4xx_dma.o
 .debug_abbrev  0x0000000000000168      0x1b8 Libraries/STM32F4xx_StdPeriph_Driver/src/stm32f4xx_gpio.o
 .debug_abbrev  0x0000000000000320      0x191 Libraries/STM32F4xx_StdPeriph_Driver/src/stm32f4xx_i2c.o
 .debug_abbrev  0x00000000000004b1      0x1cf Libraries/STM32F4xx_StdPeriph_Driver/src/stm32f4xx_rcc.o
 .debug_abbrev  0x0000000000000680      0x1f5 Utilities/STM32F429I-Discovery/stm32f429i_discovery.o
 .debug_abbrev  0x0000000000000875      0x1c7 Utilities/STM32F429I-Discovery/stm32f429i_discovery_i2c_ee.o
 .debug_abbrev  0x0000000000000a3c       0xbb src/main.o
 .debug_abbrev  0x0000000000000af7       0x12 src/startup_stm32f429x.o
 .debug_abbrev  0x0000000000000b09       0x78 src/stm32f4xx_it.o
 .debug_abbrev  0x0000000000000b81      0x158 src/system_stm32f4xx.o

.debug_aranges  0x0000000000000000      0x5b8
 .debug_aranges
                0x0000000000000000       0xb0 Libraries/STM32F4xx_StdPeriph_Driver/src/stm32f4xx_dma.o
 .debug_aranges
                0x00000000000000b0       0x88 Libraries/STM32F4xx_StdPeriph_Driver/src/stm32f4xx_gpio.o
 .debug_aranges
                0x0000000000000138      0x130 Libraries/STM32F4xx_StdPeriph_Driver/src/stm32f4xx_i2c.o
 .debug_aranges
                0x0000000000000268      0x1b8 Libraries/STM32F4xx_StdPeriph_Driver/src/stm32f4xx_rcc.o
 .debug_aranges
                0x0000000000000420       0x60 Utilities/STM32F429I-Discovery/stm32f429i_discovery.o
 .debug_aranges
                0x0000000000000480       0x58 Utilities/STM32F429I-Discovery/stm32f429i_discovery_i2c_ee.o
 .debug_aranges
                0x00000000000004d8       0x28 src/main.o
 .debug_aranges
                0x0000000000000500       0x28 src/startup_stm32f429x.o
 .debug_aranges
                0x0000000000000528       0x60 src/stm32f4xx_it.o
 .debug_aranges
                0x0000000000000588       0x30 src/system_stm32f4xx.o

.debug_ranges   0x0000000000000000      0x520
 .debug_ranges  0x0000000000000000       0xa0 Libraries/STM32F4xx_StdPeriph_Driver/src/stm32f4xx_dma.o
 .debug_ranges  0x00000000000000a0       0x78 Libraries/STM32F4xx_StdPeriph_Driver/src/stm32f4xx_gpio.o
 .debug_ranges  0x0000000000000118      0x120 Libraries/STM32F4xx_StdPeriph_Driver/src/stm32f4xx_i2c.o
 .debug_ranges  0x0000000000000238      0x1a8 Libraries/STM32F4xx_StdPeriph_Driver/src/stm32f4xx_rcc.o
 .debug_ranges  0x00000000000003e0       0x50 Utilities/STM32F429I-Discovery/stm32f429i_discovery.o
 .debug_ranges  0x0000000000000430       0x48 Utilities/STM32F429I-Discovery/stm32f429i_discovery_i2c_ee.o
 .debug_ranges  0x0000000000000478       0x18 src/main.o
 .debug_ranges  0x0000000000000490       0x20 src/startup_stm32f429x.o
 .debug_ranges  0x00000000000004b0       0x50 src/stm32f4xx_it.o
 .debug_ranges  0x0000000000000500       0x20 src/system_stm32f4xx.o

.debug_line     0x0000000000000000     0x20bb
 .debug_line    0x0000000000000000      0x42c Libraries/STM32F4xx_StdPeriph_Driver/src/stm32f4xx_dma.o
 .debug_line    0x000000000000042c      0x372 Libraries/STM32F4xx_StdPeriph_Driver/src/stm32f4xx_gpio.o
 .debug_line    0x000000000000079e      0x518 Libraries/STM32F4xx_StdPeriph_Driver/src/stm32f4xx_i2c.o
 .debug_line    0x0000000000000cb6      0x64e Libraries/STM32F4xx_StdPeriph_Driver/src/stm32f4xx_rcc.o
 .debug_line    0x0000000000001304      0x335 Utilities/STM32F429I-Discovery/stm32f429i_discovery.o
 .debug_line    0x0000000000001639      0x41b Utilities/STM32F429I-Discovery/stm32f429i_discovery_i2c_ee.o
 .debug_line    0x0000000000001a54      0x1d1 src/main.o
 .debug_line    0x0000000000001c25       0x7a src/startup_stm32f429x.o
 .debug_line    0x0000000000001c9f      0x214 src/stm32f4xx_it.o
 .debug_line    0x0000000000001eb3      0x208 src/system_stm32f4xx.o

.debug_str      0x0000000000000000     0x2040
 .debug_str     0x0000000000000000      0x545 Libraries/STM32F4xx_StdPeriph_Driver/src/stm32f4xx_dma.o
                                        0x5b5 (size before relaxing)
 .debug_str     0x0000000000000545      0x325 Libraries/STM32F4xx_StdPeriph_Driver/src/stm32f4xx_gpio.o
                                        0x516 (size before relaxing)
 .debug_str     0x000000000000086a      0x4cf Libraries/STM32F4xx_StdPeriph_Driver/src/stm32f4xx_i2c.o
                                        0x725 (size before relaxing)
 .debug_str     0x0000000000000d39      0x709 Libraries/STM32F4xx_StdPeriph_Driver/src/stm32f4xx_rcc.o
                                        0xa10 (size before relaxing)
 .debug_str     0x0000000000001442      0x8c6 Utilities/STM32F429I-Discovery/stm32f429i_discovery.o
                                        0xe0e (size before relaxing)
 .debug_str     0x0000000000001d08      0x183 Utilities/STM32F429I-Discovery/stm32f429i_discovery_i2c_ee.o
                                        0x494 (size before relaxing)
 .debug_str     0x0000000000001e8b       0x2c src/main.o
                                        0x1f2 (size before relaxing)
 .debug_str     0x0000000000001eb7       0xa6 src/stm32f4xx_it.o
                                        0x262 (size before relaxing)
 .debug_str     0x0000000000001f5d       0xe3 src/system_stm32f4xx.o
                                        0x408 (size before relaxing)

.comment        0x0000000000000000       0x7c
 .comment       0x0000000000000000       0x7c Libraries/STM32F4xx_StdPeriph_Driver/src/stm32f4xx_dma.o
                                         0x7d (size before relaxing)
 .comment       0x000000000000007c       0x7d Libraries/STM32F4xx_StdPeriph_Driver/src/stm32f4xx_gpio.o
 .comment       0x000000000000007c       0x7d Libraries/STM32F4xx_StdPeriph_Driver/src/stm32f4xx_i2c.o
 .comment       0x000000000000007c       0x7d Libraries/STM32F4xx_StdPeriph_Driver/src/stm32f4xx_rcc.o
 .comment       0x000000000000007c       0x7d Utilities/STM32F429I-Discovery/stm32f429i_discovery.o
 .comment       0x000000000000007c       0x7d Utilities/STM32F429I-Discovery/stm32f429i_discovery_i2c_ee.o
 .comment       0x000000000000007c       0x7d src/main.o
 .comment       0x000000000000007c       0x7d src/stm32f4xx_it.o
 .comment       0x000000000000007c       0x7d src/system_stm32f4xx.o

.debug_frame    0x0000000000000000     0x1758
 .debug_frame   0x0000000000000000      0x308 Libraries/STM32F4xx_StdPeriph_Driver/src/stm32f4xx_dma.o
 .debug_frame   0x0000000000000308      0x23c Libraries/STM32F4xx_StdPeriph_Driver/src/stm32f4xx_gpio.o
 .debug_frame   0x0000000000000544      0x580 Libraries/STM32F4xx_StdPeriph_Driver/src/stm32f4xx_i2c.o
 .debug_frame   0x0000000000000ac4      0x814 Libraries/STM32F4xx_StdPeriph_Driver/src/stm32f4xx_rcc.o
 .debug_frame   0x00000000000012d8      0x160 Utilities/STM32F429I-Discovery/stm32f429i_discovery.o
 .debug_frame   0x0000000000001438      0x120 Utilities/STM32F429I-Discovery/stm32f429i_discovery_i2c_ee.o
 .debug_frame   0x0000000000001558       0x48 src/main.o
 .debug_frame   0x00000000000015a0      0x110 src/stm32f4xx_it.o
 .debug_frame   0x00000000000016b0       0x7c src/system_stm32f4xx.o
 .debug_frame   0x000000000000172c       0x2c /opt/Atollic_TrueSTUDIO_for_STM32_x86_64_9.0.0/ARMTools/bin/../lib/gcc/arm-atollic-eabi/6.3.1/../../../../arm-atollic-eabi/lib/armv7e-m/fpu/libc_nano.a(lib_a-init.o)

.stabstr        0x0000000000000000       0x3f
 .stabstr       0x0000000000000000       0x3f /opt/Atollic_TrueSTUDIO_for_STM32_x86_64_9.0.0/ARMTools/bin/../lib/gcc/arm-atollic-eabi/6.3.1/../../../../arm-atollic-eabi/lib/armv7e-m/fpu/libnosys.a(write.o)

Cross Reference Table

Symbol                                            File
ADC_AnalogWatchdogCmd                             Libraries/STM32F4xx_StdPeriph_Driver/src/stm32f4xx_adc.o
ADC_AnalogWatchdogSingleChannelConfig             Libraries/STM32F4xx_StdPeriph_Driver/src/stm32f4xx_adc.o
ADC_AnalogWatchdogThresholdsConfig                Libraries/STM32F4xx_StdPeriph_Driver/src/stm32f4xx_adc.o
ADC_AutoInjectedConvCmd                           Libraries/STM32F4xx_StdPeriph_Driver/src/stm32f4xx_adc.o
ADC_ClearFlag                                     Libraries/STM32F4xx_StdPeriph_Driver/src/stm32f4xx_adc.o
ADC_ClearITPendingBit                             Libraries/STM32F4xx_StdPeriph_Driver/src/stm32f4xx_adc.o
ADC_Cmd                                           Libraries/STM32F4xx_StdPeriph_Driver/src/stm32f4xx_adc.o
ADC_CommonInit                                    Libraries/STM32F4xx_StdPeriph_Driver/src/stm32f4xx_adc.o
ADC_CommonStructInit                              Libraries/STM32F4xx_StdPeriph_Driver/src/stm32f4xx_adc.o
ADC_ContinuousModeCmd                             Libraries/STM32F4xx_StdPeriph_Driver/src/stm32f4xx_adc.o
ADC_DMACmd                                        Libraries/STM32F4xx_StdPeriph_Driver/src/stm32f4xx_adc.o
ADC_DMARequestAfterLastTransferCmd                Libraries/STM32F4xx_StdPeriph_Driver/src/stm32f4xx_adc.o
ADC_DeInit                                        Libraries/STM32F4xx_StdPeriph_Driver/src/stm32f4xx_adc.o
ADC_DiscModeChannelCountConfig                    Libraries/STM32F4xx_StdPeriph_Driver/src/stm32f4xx_adc.o
ADC_DiscModeCmd                                   Libraries/STM32F4xx_StdPeriph_Driver/src/stm32f4xx_adc.o
ADC_EOCOnEachRegularChannelCmd                    Libraries/STM32F4xx_StdPeriph_Driver/src/stm32f4xx_adc.o
ADC_ExternalTrigInjectedConvConfig                Libraries/STM32F4xx_StdPeriph_Driver/src/stm32f4xx_adc.o
ADC_ExternalTrigInjectedConvEdgeConfig            Libraries/STM32F4xx_StdPeriph_Driver/src/stm32f4xx_adc.o
ADC_GetConversionValue                            Libraries/STM32F4xx_StdPeriph_Driver/src/stm32f4xx_adc.o
ADC_GetFlagStatus                                 Libraries/STM32F4xx_StdPeriph_Driver/src/stm32f4xx_adc.o
ADC_GetITStatus                                   Libraries/STM32F4xx_StdPeriph_Driver/src/stm32f4xx_adc.o
ADC_GetInjectedConversionValue                    Libraries/STM32F4xx_StdPeriph_Driver/src/stm32f4xx_adc.o
ADC_GetMultiModeConversionValue                   Libraries/STM32F4xx_StdPeriph_Driver/src/stm32f4xx_adc.o
ADC_GetSoftwareStartConvStatus                    Libraries/STM32F4xx_StdPeriph_Driver/src/stm32f4xx_adc.o
ADC_GetSoftwareStartInjectedConvCmdStatus         Libraries/STM32F4xx_StdPeriph_Driver/src/stm32f4xx_adc.o
ADC_IRQHandler                                    src/startup_stm32f429x.o
ADC_ITConfig                                      Libraries/STM32F4xx_StdPeriph_Driver/src/stm32f4xx_adc.o
ADC_Init                                          Libraries/STM32F4xx_StdPeriph_Driver/src/stm32f4xx_adc.o
ADC_InjectedChannelConfig                         Libraries/STM32F4xx_StdPeriph_Driver/src/stm32f4xx_adc.o
ADC_InjectedDiscModeCmd                           Libraries/STM32F4xx_StdPeriph_Driver/src/stm32f4xx_adc.o
ADC_InjectedSequencerLengthConfig                 Libraries/STM32F4xx_StdPeriph_Driver/src/stm32f4xx_adc.o
ADC_MultiModeDMARequestAfterLastTransferCmd       Libraries/STM32F4xx_StdPeriph_Driver/src/stm32f4xx_adc.o
ADC_RegularChannelConfig                          Libraries/STM32F4xx_StdPeriph_Driver/src/stm32f4xx_adc.o
ADC_SetInjectedOffset                             Libraries/STM32F4xx_StdPeriph_Driver/src/stm32f4xx_adc.o
ADC_SoftwareStartConv                             Libraries/STM32F4xx_StdPeriph_Driver/src/stm32f4xx_adc.o
ADC_SoftwareStartInjectedConv                     Libraries/STM32F4xx_StdPeriph_Driver/src/stm32f4xx_adc.o
ADC_StructInit                                    Libraries/STM32F4xx_StdPeriph_Driver/src/stm32f4xx_adc.o
ADC_TempSensorVrefintCmd                          Libraries/STM32F4xx_StdPeriph_Driver/src/stm32f4xx_adc.o
ADC_VBATCmd                                       Libraries/STM32F4xx_StdPeriph_Driver/src/stm32f4xx_adc.o
AHBPrescTable                                     src/system_stm32f4xx.o
ASCII12x12_Table                                  Utilities/Common/fonts.o
ASCII16x24_Table                                  Utilities/Common/fonts.o
ASCII8x12_Table                                   Utilities/Common/fonts.o
ASCII8x8_Table                                    Utilities/Common/fonts.o
BUTTON_CLK                                        Utilities/STM32F429I-Discovery/stm32f429i_discovery.o
BUTTON_EXTI_LINE                                  Utilities/STM32F429I-Discovery/stm32f429i_discovery.o
BUTTON_IRQn                                       Utilities/STM32F429I-Discovery/stm32f429i_discovery.o
BUTTON_PIN                                        Utilities/STM32F429I-Discovery/stm32f429i_discovery.o
BUTTON_PIN_SOURCE                                 Utilities/STM32F429I-Discovery/stm32f429i_discovery.o
BUTTON_PORT                                       Utilities/STM32F429I-Discovery/stm32f429i_discovery.o
BUTTON_PORT_SOURCE                                Utilities/STM32F429I-Discovery/stm32f429i_discovery.o
BusFault_Handler                                  src/stm32f4xx_it.o
                                                  src/startup_stm32f429x.o
CAN1_RX0_IRQHandler                               src/startup_stm32f429x.o
CAN1_RX1_IRQHandler                               src/startup_stm32f429x.o
CAN1_SCE_IRQHandler                               src/startup_stm32f429x.o
CAN1_TX_IRQHandler                                src/startup_stm32f429x.o
CAN2_RX0_IRQHandler                               src/startup_stm32f429x.o
CAN2_RX1_IRQHandler                               src/startup_stm32f429x.o
CAN2_SCE_IRQHandler                               src/startup_stm32f429x.o
CAN2_TX_IRQHandler                                src/startup_stm32f429x.o
CAN_CancelTransmit                                Libraries/STM32F4xx_StdPeriph_Driver/src/stm32f4xx_can.o
CAN_ClearFlag                                     Libraries/STM32F4xx_StdPeriph_Driver/src/stm32f4xx_can.o
CAN_ClearITPendingBit                             Libraries/STM32F4xx_StdPeriph_Driver/src/stm32f4xx_can.o
CAN_DBGFreeze                                     Libraries/STM32F4xx_StdPeriph_Driver/src/stm32f4xx_can.o
CAN_DeInit                                        Libraries/STM32F4xx_StdPeriph_Driver/src/stm32f4xx_can.o
CAN_FIFORelease                                   Libraries/STM32F4xx_StdPeriph_Driver/src/stm32f4xx_can.o
CAN_FilterInit                                    Libraries/STM32F4xx_StdPeriph_Driver/src/stm32f4xx_can.o
CAN_GetFlagStatus                                 Libraries/STM32F4xx_StdPeriph_Driver/src/stm32f4xx_can.o
CAN_GetITStatus                                   Libraries/STM32F4xx_StdPeriph_Driver/src/stm32f4xx_can.o
CAN_GetLSBTransmitErrorCounter                    Libraries/STM32F4xx_StdPeriph_Driver/src/stm32f4xx_can.o
CAN_GetLastErrorCode                              Libraries/STM32F4xx_StdPeriph_Driver/src/stm32f4xx_can.o
CAN_GetReceiveErrorCounter                        Libraries/STM32F4xx_StdPeriph_Driver/src/stm32f4xx_can.o
CAN_ITConfig                                      Libraries/STM32F4xx_StdPeriph_Driver/src/stm32f4xx_can.o
CAN_Init                                          Libraries/STM32F4xx_StdPeriph_Driver/src/stm32f4xx_can.o
CAN_MessagePending                                Libraries/STM32F4xx_StdPeriph_Driver/src/stm32f4xx_can.o
CAN_OperatingModeRequest                          Libraries/STM32F4xx_StdPeriph_Driver/src/stm32f4xx_can.o
CAN_Receive                                       Libraries/STM32F4xx_StdPeriph_Driver/src/stm32f4xx_can.o
CAN_SlaveStartBank                                Libraries/STM32F4xx_StdPeriph_Driver/src/stm32f4xx_can.o
CAN_Sleep                                         Libraries/STM32F4xx_StdPeriph_Driver/src/stm32f4xx_can.o
CAN_StructInit                                    Libraries/STM32F4xx_StdPeriph_Driver/src/stm32f4xx_can.o
CAN_TTComModeCmd                                  Libraries/STM32F4xx_StdPeriph_Driver/src/stm32f4xx_can.o
CAN_Transmit                                      Libraries/STM32F4xx_StdPeriph_Driver/src/stm32f4xx_can.o
CAN_TransmitStatus                                Libraries/STM32F4xx_StdPeriph_Driver/src/stm32f4xx_can.o
CAN_WakeUp                                        Libraries/STM32F4xx_StdPeriph_Driver/src/stm32f4xx_can.o
CRC_CalcBlockCRC                                  Libraries/STM32F4xx_StdPeriph_Driver/src/stm32f4xx_crc.o
CRC_CalcCRC                                       Libraries/STM32F4xx_StdPeriph_Driver/src/stm32f4xx_crc.o
CRC_GetCRC                                        Libraries/STM32F4xx_StdPeriph_Driver/src/stm32f4xx_crc.o
CRC_GetIDRegister                                 Libraries/STM32F4xx_StdPeriph_Driver/src/stm32f4xx_crc.o
CRC_ResetDR                                       Libraries/STM32F4xx_StdPeriph_Driver/src/stm32f4xx_crc.o
CRC_SetIDRegister                                 Libraries/STM32F4xx_StdPeriph_Driver/src/stm32f4xx_crc.o
CRYP_AES_CBC                                      Libraries/STM32F4xx_StdPeriph_Driver/src/stm32f4xx_cryp_aes.o
CRYP_AES_CCM                                      Libraries/STM32F4xx_StdPeriph_Driver/src/stm32f4xx_cryp_aes.o
CRYP_AES_CTR                                      Libraries/STM32F4xx_StdPeriph_Driver/src/stm32f4xx_cryp_aes.o
CRYP_AES_ECB                                      Libraries/STM32F4xx_StdPeriph_Driver/src/stm32f4xx_cryp_aes.o
CRYP_AES_GCM                                      Libraries/STM32F4xx_StdPeriph_Driver/src/stm32f4xx_cryp_aes.o
CRYP_Cmd                                          Libraries/STM32F4xx_StdPeriph_Driver/src/stm32f4xx_cryp.o
                                                  Libraries/STM32F4xx_StdPeriph_Driver/src/stm32f4xx_cryp_tdes.o
                                                  Libraries/STM32F4xx_StdPeriph_Driver/src/stm32f4xx_cryp_des.o
                                                  Libraries/STM32F4xx_StdPeriph_Driver/src/stm32f4xx_cryp_aes.o
CRYP_DES_CBC                                      Libraries/STM32F4xx_StdPeriph_Driver/src/stm32f4xx_cryp_des.o
CRYP_DES_ECB                                      Libraries/STM32F4xx_StdPeriph_Driver/src/stm32f4xx_cryp_des.o
CRYP_DMACmd                                       Libraries/STM32F4xx_StdPeriph_Driver/src/stm32f4xx_cryp.o
CRYP_DataIn                                       Libraries/STM32F4xx_StdPeriph_Driver/src/stm32f4xx_cryp.o
                                                  Libraries/STM32F4xx_StdPeriph_Driver/src/stm32f4xx_cryp_tdes.o
                                                  Libraries/STM32F4xx_StdPeriph_Driver/src/stm32f4xx_cryp_des.o
                                                  Libraries/STM32F4xx_StdPeriph_Driver/src/stm32f4xx_cryp_aes.o
CRYP_DataOut                                      Libraries/STM32F4xx_StdPeriph_Driver/src/stm32f4xx_cryp.o
                                                  Libraries/STM32F4xx_StdPeriph_Driver/src/stm32f4xx_cryp_tdes.o
                                                  Libraries/STM32F4xx_StdPeriph_Driver/src/stm32f4xx_cryp_des.o
                                                  Libraries/STM32F4xx_StdPeriph_Driver/src/stm32f4xx_cryp_aes.o
CRYP_DeInit                                       Libraries/STM32F4xx_StdPeriph_Driver/src/stm32f4xx_cryp.o
CRYP_FIFOFlush                                    Libraries/STM32F4xx_StdPeriph_Driver/src/stm32f4xx_cryp.o
                                                  Libraries/STM32F4xx_StdPeriph_Driver/src/stm32f4xx_cryp_tdes.o
                                                  Libraries/STM32F4xx_StdPeriph_Driver/src/stm32f4xx_cryp_des.o
                                                  Libraries/STM32F4xx_StdPeriph_Driver/src/stm32f4xx_cryp_aes.o
CRYP_GetCmdStatus                                 Libraries/STM32F4xx_StdPeriph_Driver/src/stm32f4xx_cryp.o
                                                  Libraries/STM32F4xx_StdPeriph_Driver/src/stm32f4xx_cryp_tdes.o
                                                  Libraries/STM32F4xx_StdPeriph_Driver/src/stm32f4xx_cryp_des.o
                                                  Libraries/STM32F4xx_StdPeriph_Driver/src/stm32f4xx_cryp_aes.o
CRYP_GetFlagStatus                                Libraries/STM32F4xx_StdPeriph_Driver/src/stm32f4xx_cryp.o
                                                  Libraries/STM32F4xx_StdPeriph_Driver/src/stm32f4xx_cryp_tdes.o
                                                  Libraries/STM32F4xx_StdPeriph_Driver/src/stm32f4xx_cryp_des.o
                                                  Libraries/STM32F4xx_StdPeriph_Driver/src/stm32f4xx_cryp_aes.o
CRYP_GetITStatus                                  Libraries/STM32F4xx_StdPeriph_Driver/src/stm32f4xx_cryp.o
CRYP_IRQHandler                                   src/startup_stm32f429x.o
CRYP_ITConfig                                     Libraries/STM32F4xx_StdPeriph_Driver/src/stm32f4xx_cryp.o
CRYP_IVInit                                       Libraries/STM32F4xx_StdPeriph_Driver/src/stm32f4xx_cryp.o
                                                  Libraries/STM32F4xx_StdPeriph_Driver/src/stm32f4xx_cryp_tdes.o
                                                  Libraries/STM32F4xx_StdPeriph_Driver/src/stm32f4xx_cryp_des.o
                                                  Libraries/STM32F4xx_StdPeriph_Driver/src/stm32f4xx_cryp_aes.o
CRYP_IVStructInit                                 Libraries/STM32F4xx_StdPeriph_Driver/src/stm32f4xx_cryp.o
CRYP_Init                                         Libraries/STM32F4xx_StdPeriph_Driver/src/stm32f4xx_cryp.o
                                                  Libraries/STM32F4xx_StdPeriph_Driver/src/stm32f4xx_cryp_tdes.o
                                                  Libraries/STM32F4xx_StdPeriph_Driver/src/stm32f4xx_cryp_des.o
                                                  Libraries/STM32F4xx_StdPeriph_Driver/src/stm32f4xx_cryp_aes.o
CRYP_KeyInit                                      Libraries/STM32F4xx_StdPeriph_Driver/src/stm32f4xx_cryp.o
                                                  Libraries/STM32F4xx_StdPeriph_Driver/src/stm32f4xx_cryp_tdes.o
                                                  Libraries/STM32F4xx_StdPeriph_Driver/src/stm32f4xx_cryp_des.o
                                                  Libraries/STM32F4xx_StdPeriph_Driver/src/stm32f4xx_cryp_aes.o
CRYP_KeyStructInit                                Libraries/STM32F4xx_StdPeriph_Driver/src/stm32f4xx_cryp.o
                                                  Libraries/STM32F4xx_StdPeriph_Driver/src/stm32f4xx_cryp_tdes.o
                                                  Libraries/STM32F4xx_StdPeriph_Driver/src/stm32f4xx_cryp_des.o
                                                  Libraries/STM32F4xx_StdPeriph_Driver/src/stm32f4xx_cryp_aes.o
CRYP_PhaseConfig                                  Libraries/STM32F4xx_StdPeriph_Driver/src/stm32f4xx_cryp.o
                                                  Libraries/STM32F4xx_StdPeriph_Driver/src/stm32f4xx_cryp_aes.o
CRYP_RestoreContext                               Libraries/STM32F4xx_StdPeriph_Driver/src/stm32f4xx_cryp.o
CRYP_SaveContext                                  Libraries/STM32F4xx_StdPeriph_Driver/src/stm32f4xx_cryp.o
CRYP_StructInit                                   Libraries/STM32F4xx_StdPeriph_Driver/src/stm32f4xx_cryp.o
CRYP_TDES_CBC                                     Libraries/STM32F4xx_StdPeriph_Driver/src/stm32f4xx_cryp_tdes.o
CRYP_TDES_ECB                                     Libraries/STM32F4xx_StdPeriph_Driver/src/stm32f4xx_cryp_tdes.o
DAC_ClearFlag                                     Libraries/STM32F4xx_StdPeriph_Driver/src/stm32f4xx_dac.o
DAC_ClearITPendingBit                             Libraries/STM32F4xx_StdPeriph_Driver/src/stm32f4xx_dac.o
DAC_Cmd                                           Libraries/STM32F4xx_StdPeriph_Driver/src/stm32f4xx_dac.o
DAC_DMACmd                                        Libraries/STM32F4xx_StdPeriph_Driver/src/stm32f4xx_dac.o
DAC_DeInit                                        Libraries/STM32F4xx_StdPeriph_Driver/src/stm32f4xx_dac.o
DAC_DualSoftwareTriggerCmd                        Libraries/STM32F4xx_StdPeriph_Driver/src/stm32f4xx_dac.o
DAC_GetDataOutputValue                            Libraries/STM32F4xx_StdPeriph_Driver/src/stm32f4xx_dac.o
DAC_GetFlagStatus                                 Libraries/STM32F4xx_StdPeriph_Driver/src/stm32f4xx_dac.o
DAC_GetITStatus                                   Libraries/STM32F4xx_StdPeriph_Driver/src/stm32f4xx_dac.o
DAC_ITConfig                                      Libraries/STM32F4xx_StdPeriph_Driver/src/stm32f4xx_dac.o
DAC_Init                                          Libraries/STM32F4xx_StdPeriph_Driver/src/stm32f4xx_dac.o
DAC_SetChannel1Data                               Libraries/STM32F4xx_StdPeriph_Driver/src/stm32f4xx_dac.o
DAC_SetChannel2Data                               Libraries/STM32F4xx_StdPeriph_Driver/src/stm32f4xx_dac.o
DAC_SetDualChannelData                            Libraries/STM32F4xx_StdPeriph_Driver/src/stm32f4xx_dac.o
DAC_SoftwareTriggerCmd                            Libraries/STM32F4xx_StdPeriph_Driver/src/stm32f4xx_dac.o
DAC_StructInit                                    Libraries/STM32F4xx_StdPeriph_Driver/src/stm32f4xx_dac.o
DAC_WaveGenerationCmd                             Libraries/STM32F4xx_StdPeriph_Driver/src/stm32f4xx_dac.o
DBGMCU_APB1PeriphConfig                           Libraries/STM32F4xx_StdPeriph_Driver/src/stm32f4xx_dbgmcu.o
DBGMCU_APB2PeriphConfig                           Libraries/STM32F4xx_StdPeriph_Driver/src/stm32f4xx_dbgmcu.o
DBGMCU_Config                                     Libraries/STM32F4xx_StdPeriph_Driver/src/stm32f4xx_dbgmcu.o
DBGMCU_GetDEVID                                   Libraries/STM32F4xx_StdPeriph_Driver/src/stm32f4xx_dbgmcu.o
DBGMCU_GetREVID                                   Libraries/STM32F4xx_StdPeriph_Driver/src/stm32f4xx_dbgmcu.o
DCMI_CROPCmd                                      Libraries/STM32F4xx_StdPeriph_Driver/src/stm32f4xx_dcmi.o
DCMI_CROPConfig                                   Libraries/STM32F4xx_StdPeriph_Driver/src/stm32f4xx_dcmi.o
DCMI_CaptureCmd                                   Libraries/STM32F4xx_StdPeriph_Driver/src/stm32f4xx_dcmi.o
DCMI_ClearFlag                                    Libraries/STM32F4xx_StdPeriph_Driver/src/stm32f4xx_dcmi.o
DCMI_ClearITPendingBit                            Libraries/STM32F4xx_StdPeriph_Driver/src/stm32f4xx_dcmi.o
DCMI_Cmd                                          Libraries/STM32F4xx_StdPeriph_Driver/src/stm32f4xx_dcmi.o
DCMI_DeInit                                       Libraries/STM32F4xx_StdPeriph_Driver/src/stm32f4xx_dcmi.o
DCMI_GetFlagStatus                                Libraries/STM32F4xx_StdPeriph_Driver/src/stm32f4xx_dcmi.o
DCMI_GetITStatus                                  Libraries/STM32F4xx_StdPeriph_Driver/src/stm32f4xx_dcmi.o
DCMI_IRQHandler                                   src/startup_stm32f429x.o
DCMI_ITConfig                                     Libraries/STM32F4xx_StdPeriph_Driver/src/stm32f4xx_dcmi.o
DCMI_Init                                         Libraries/STM32F4xx_StdPeriph_Driver/src/stm32f4xx_dcmi.o
DCMI_JPEGCmd                                      Libraries/STM32F4xx_StdPeriph_Driver/src/stm32f4xx_dcmi.o
DCMI_ReadData                                     Libraries/STM32F4xx_StdPeriph_Driver/src/stm32f4xx_dcmi.o
DCMI_SetEmbeddedSynchroCodes                      Libraries/STM32F4xx_StdPeriph_Driver/src/stm32f4xx_dcmi.o
DCMI_StructInit                                   Libraries/STM32F4xx_StdPeriph_Driver/src/stm32f4xx_dcmi.o
DMA1_Stream0_IRQHandler                           src/startup_stm32f429x.o
DMA1_Stream1_IRQHandler                           src/startup_stm32f429x.o
DMA1_Stream2_IRQHandler                           Utilities/STM32F429I-Discovery/stm32f429i_discovery_i2c_ee.o
DMA1_Stream3_IRQHandler                           src/startup_stm32f429x.o
DMA1_Stream4_IRQHandler                           Utilities/STM32F429I-Discovery/stm32f429i_discovery_i2c_ee.o
DMA1_Stream5_IRQHandler                           src/startup_stm32f429x.o
DMA1_Stream6_IRQHandler                           src/startup_stm32f429x.o
DMA1_Stream7_IRQHandler                           src/startup_stm32f429x.o
DMA2D_AbortTransfer                               Libraries/STM32F4xx_StdPeriph_Driver/src/stm32f4xx_dma2d.o
DMA2D_BGConfig                                    Libraries/STM32F4xx_StdPeriph_Driver/src/stm32f4xx_dma2d.o
DMA2D_BGStart                                     Libraries/STM32F4xx_StdPeriph_Driver/src/stm32f4xx_dma2d.o
DMA2D_BG_StructInit                               Libraries/STM32F4xx_StdPeriph_Driver/src/stm32f4xx_dma2d.o
DMA2D_ClearFlag                                   Libraries/STM32F4xx_StdPeriph_Driver/src/stm32f4xx_dma2d.o
DMA2D_ClearITPendingBit                           Libraries/STM32F4xx_StdPeriph_Driver/src/stm32f4xx_dma2d.o
DMA2D_DeInit                                      Libraries/STM32F4xx_StdPeriph_Driver/src/stm32f4xx_dma2d.o
                                                  Utilities/STM32F429I-Discovery/stm32f429i_discovery_lcd.o
DMA2D_DeadTimeConfig                              Libraries/STM32F4xx_StdPeriph_Driver/src/stm32f4xx_dma2d.o
DMA2D_FGConfig                                    Libraries/STM32F4xx_StdPeriph_Driver/src/stm32f4xx_dma2d.o
DMA2D_FGStart                                     Libraries/STM32F4xx_StdPeriph_Driver/src/stm32f4xx_dma2d.o
DMA2D_FG_StructInit                               Libraries/STM32F4xx_StdPeriph_Driver/src/stm32f4xx_dma2d.o
DMA2D_GetFlagStatus                               Libraries/STM32F4xx_StdPeriph_Driver/src/stm32f4xx_dma2d.o
                                                  Utilities/STM32F429I-Discovery/stm32f429i_discovery_lcd.o
DMA2D_GetITStatus                                 Libraries/STM32F4xx_StdPeriph_Driver/src/stm32f4xx_dma2d.o
DMA2D_IRQHandler                                  src/startup_stm32f429x.o
DMA2D_ITConfig                                    Libraries/STM32F4xx_StdPeriph_Driver/src/stm32f4xx_dma2d.o
DMA2D_Init                                        Libraries/STM32F4xx_StdPeriph_Driver/src/stm32f4xx_dma2d.o
                                                  Utilities/STM32F429I-Discovery/stm32f429i_discovery_lcd.o
DMA2D_LineWatermarkConfig                         Libraries/STM32F4xx_StdPeriph_Driver/src/stm32f4xx_dma2d.o
DMA2D_StartTransfer                               Libraries/STM32F4xx_StdPeriph_Driver/src/stm32f4xx_dma2d.o
                                                  Utilities/STM32F429I-Discovery/stm32f429i_discovery_lcd.o
DMA2D_StructInit                                  Libraries/STM32F4xx_StdPeriph_Driver/src/stm32f4xx_dma2d.o
DMA2D_Suspend                                     Libraries/STM32F4xx_StdPeriph_Driver/src/stm32f4xx_dma2d.o
DMA2_Stream0_IRQHandler                           src/startup_stm32f429x.o
DMA2_Stream1_IRQHandler                           src/startup_stm32f429x.o
DMA2_Stream2_IRQHandler                           src/startup_stm32f429x.o
DMA2_Stream3_IRQHandler                           src/startup_stm32f429x.o
DMA2_Stream4_IRQHandler                           src/startup_stm32f429x.o
DMA2_Stream5_IRQHandler                           src/startup_stm32f429x.o
DMA2_Stream6_IRQHandler                           src/startup_stm32f429x.o
DMA2_Stream7_IRQHandler                           src/startup_stm32f429x.o
DMA_ClearFlag                                     Libraries/STM32F4xx_StdPeriph_Driver/src/stm32f4xx_dma.o
                                                  Utilities/STM32F429I-Discovery/stm32f429i_discovery_ioe.o
                                                  Utilities/STM32F429I-Discovery/stm32f429i_discovery_i2c_ee.o
                                                  Utilities/STM32F429I-Discovery/stm32f429i_discovery.o
DMA_ClearITPendingBit                             Libraries/STM32F4xx_StdPeriph_Driver/src/stm32f4xx_dma.o
DMA_Cmd                                           Libraries/STM32F4xx_StdPeriph_Driver/src/stm32f4xx_dma.o
                                                  Utilities/STM32F429I-Discovery/stm32f429i_discovery_ioe.o
                                                  Utilities/STM32F429I-Discovery/stm32f429i_discovery_i2c_ee.o
                                                  Utilities/STM32F429I-Discovery/stm32f429i_discovery.o
DMA_DeInit                                        Libraries/STM32F4xx_StdPeriph_Driver/src/stm32f4xx_dma.o
                                                  Utilities/STM32F429I-Discovery/stm32f429i_discovery_ioe.o
                                                  Utilities/STM32F429I-Discovery/stm32f429i_discovery.o
DMA_DoubleBufferModeCmd                           Libraries/STM32F4xx_StdPeriph_Driver/src/stm32f4xx_dma.o
DMA_DoubleBufferModeConfig                        Libraries/STM32F4xx_StdPeriph_Driver/src/stm32f4xx_dma.o
DMA_FlowControllerConfig                          Libraries/STM32F4xx_StdPeriph_Driver/src/stm32f4xx_dma.o
DMA_GetCmdStatus                                  Libraries/STM32F4xx_StdPeriph_Driver/src/stm32f4xx_dma.o
DMA_GetCurrDataCounter                            Libraries/STM32F4xx_StdPeriph_Driver/src/stm32f4xx_dma.o
DMA_GetCurrentMemoryTarget                        Libraries/STM32F4xx_StdPeriph_Driver/src/stm32f4xx_dma.o
DMA_GetFIFOStatus                                 Libraries/STM32F4xx_StdPeriph_Driver/src/stm32f4xx_dma.o
DMA_GetFlagStatus                                 Libraries/STM32F4xx_StdPeriph_Driver/src/stm32f4xx_dma.o
                                                  Utilities/STM32F429I-Discovery/stm32f429i_discovery_ioe.o
                                                  Utilities/STM32F429I-Discovery/stm32f429i_discovery_i2c_ee.o
DMA_GetITStatus                                   Libraries/STM32F4xx_StdPeriph_Driver/src/stm32f4xx_dma.o
DMA_ITConfig                                      Libraries/STM32F4xx_StdPeriph_Driver/src/stm32f4xx_dma.o
                                                  Utilities/STM32F429I-Discovery/stm32f429i_discovery.o
DMA_Init                                          Libraries/STM32F4xx_StdPeriph_Driver/src/stm32f4xx_dma.o
                                                  Utilities/STM32F429I-Discovery/stm32f429i_discovery_ioe.o
                                                  Utilities/STM32F429I-Discovery/stm32f429i_discovery.o
DMA_MemoryTargetConfig                            Libraries/STM32F4xx_StdPeriph_Driver/src/stm32f4xx_dma.o
DMA_PeriphIncOffsetSizeConfig                     Libraries/STM32F4xx_StdPeriph_Driver/src/stm32f4xx_dma.o
DMA_SetCurrDataCounter                            Libraries/STM32F4xx_StdPeriph_Driver/src/stm32f4xx_dma.o
DMA_StructInit                                    Libraries/STM32F4xx_StdPeriph_Driver/src/stm32f4xx_dma.o
DebugMon_Handler                                  src/stm32f4xx_it.o
                                                  src/startup_stm32f429x.o
Default_Handler                                   src/startup_stm32f429x.o
ETH_IRQHandler                                    src/startup_stm32f429x.o
ETH_WKUP_IRQHandler                               src/startup_stm32f429x.o
EXTI0_IRQHandler                                  src/startup_stm32f429x.o
EXTI15_10_IRQHandler                              src/startup_stm32f429x.o
EXTI1_IRQHandler                                  src/startup_stm32f429x.o
EXTI2_IRQHandler                                  src/startup_stm32f429x.o
EXTI3_IRQHandler                                  src/startup_stm32f429x.o
EXTI4_IRQHandler                                  src/startup_stm32f429x.o
EXTI9_5_IRQHandler                                src/startup_stm32f429x.o
EXTI_ClearFlag                                    Libraries/STM32F4xx_StdPeriph_Driver/src/stm32f4xx_exti.o
EXTI_ClearITPendingBit                            Libraries/STM32F4xx_StdPeriph_Driver/src/stm32f4xx_exti.o
EXTI_DeInit                                       Libraries/STM32F4xx_StdPeriph_Driver/src/stm32f4xx_exti.o
EXTI_GenerateSWInterrupt                          Libraries/STM32F4xx_StdPeriph_Driver/src/stm32f4xx_exti.o
EXTI_GetFlagStatus                                Libraries/STM32F4xx_StdPeriph_Driver/src/stm32f4xx_exti.o
EXTI_GetITStatus                                  Libraries/STM32F4xx_StdPeriph_Driver/src/stm32f4xx_exti.o
EXTI_Init                                         Libraries/STM32F4xx_StdPeriph_Driver/src/stm32f4xx_exti.o
                                                  Utilities/STM32F429I-Discovery/stm32f429i_discovery.o
EXTI_StructInit                                   Libraries/STM32F4xx_StdPeriph_Driver/src/stm32f4xx_exti.o
FLASH_ClearFlag                                   Libraries/STM32F4xx_StdPeriph_Driver/src/stm32f4xx_flash.o
FLASH_DataCacheCmd                                Libraries/STM32F4xx_StdPeriph_Driver/src/stm32f4xx_flash.o
FLASH_DataCacheReset                              Libraries/STM32F4xx_StdPeriph_Driver/src/stm32f4xx_flash.o
FLASH_EraseAllBank1Sectors                        Libraries/STM32F4xx_StdPeriph_Driver/src/stm32f4xx_flash.o
FLASH_EraseAllBank2Sectors                        Libraries/STM32F4xx_StdPeriph_Driver/src/stm32f4xx_flash.o
FLASH_EraseAllSectors                             Libraries/STM32F4xx_StdPeriph_Driver/src/stm32f4xx_flash.o
FLASH_EraseSector                                 Libraries/STM32F4xx_StdPeriph_Driver/src/stm32f4xx_flash.o
FLASH_GetFlagStatus                               Libraries/STM32F4xx_StdPeriph_Driver/src/stm32f4xx_flash.o
FLASH_GetStatus                                   Libraries/STM32F4xx_StdPeriph_Driver/src/stm32f4xx_flash.o
FLASH_IRQHandler                                  src/startup_stm32f429x.o
FLASH_ITConfig                                    Libraries/STM32F4xx_StdPeriph_Driver/src/stm32f4xx_flash.o
FLASH_InstructionCacheCmd                         Libraries/STM32F4xx_StdPeriph_Driver/src/stm32f4xx_flash.o
FLASH_InstructionCacheReset                       Libraries/STM32F4xx_StdPeriph_Driver/src/stm32f4xx_flash.o
FLASH_Lock                                        Libraries/STM32F4xx_StdPeriph_Driver/src/stm32f4xx_flash.o
FLASH_OB_BORConfig                                Libraries/STM32F4xx_StdPeriph_Driver/src/stm32f4xx_flash.o
FLASH_OB_BootConfig                               Libraries/STM32F4xx_StdPeriph_Driver/src/stm32f4xx_flash.o
FLASH_OB_GetBOR                                   Libraries/STM32F4xx_StdPeriph_Driver/src/stm32f4xx_flash.o
FLASH_OB_GetPCROP                                 Libraries/STM32F4xx_StdPeriph_Driver/src/stm32f4xx_flash.o
FLASH_OB_GetPCROP1                                Libraries/STM32F4xx_StdPeriph_Driver/src/stm32f4xx_flash.o
FLASH_OB_GetRDP                                   Libraries/STM32F4xx_StdPeriph_Driver/src/stm32f4xx_flash.o
FLASH_OB_GetUser                                  Libraries/STM32F4xx_StdPeriph_Driver/src/stm32f4xx_flash.o
FLASH_OB_GetWRP                                   Libraries/STM32F4xx_StdPeriph_Driver/src/stm32f4xx_flash.o
FLASH_OB_GetWRP1                                  Libraries/STM32F4xx_StdPeriph_Driver/src/stm32f4xx_flash.o
FLASH_OB_Launch                                   Libraries/STM32F4xx_StdPeriph_Driver/src/stm32f4xx_flash.o
FLASH_OB_Lock                                     Libraries/STM32F4xx_StdPeriph_Driver/src/stm32f4xx_flash.o
FLASH_OB_PCROP1Config                             Libraries/STM32F4xx_StdPeriph_Driver/src/stm32f4xx_flash.o
FLASH_OB_PCROPConfig                              Libraries/STM32F4xx_StdPeriph_Driver/src/stm32f4xx_flash.o
FLASH_OB_PCROPSelectionConfig                     Libraries/STM32F4xx_StdPeriph_Driver/src/stm32f4xx_flash.o
FLASH_OB_RDPConfig                                Libraries/STM32F4xx_StdPeriph_Driver/src/stm32f4xx_flash.o
FLASH_OB_Unlock                                   Libraries/STM32F4xx_StdPeriph_Driver/src/stm32f4xx_flash.o
FLASH_OB_UserConfig                               Libraries/STM32F4xx_StdPeriph_Driver/src/stm32f4xx_flash.o
FLASH_OB_WRP1Config                               Libraries/STM32F4xx_StdPeriph_Driver/src/stm32f4xx_flash.o
FLASH_OB_WRPConfig                                Libraries/STM32F4xx_StdPeriph_Driver/src/stm32f4xx_flash.o
FLASH_PrefetchBufferCmd                           Libraries/STM32F4xx_StdPeriph_Driver/src/stm32f4xx_flash.o
FLASH_ProgramByte                                 Libraries/STM32F4xx_StdPeriph_Driver/src/stm32f4xx_flash.o
FLASH_ProgramDoubleWord                           Libraries/STM32F4xx_StdPeriph_Driver/src/stm32f4xx_flash.o
FLASH_ProgramHalfWord                             Libraries/STM32F4xx_StdPeriph_Driver/src/stm32f4xx_flash.o
FLASH_ProgramWord                                 Libraries/STM32F4xx_StdPeriph_Driver/src/stm32f4xx_flash.o
FLASH_SetLatency                                  Libraries/STM32F4xx_StdPeriph_Driver/src/stm32f4xx_flash.o
FLASH_Unlock                                      Libraries/STM32F4xx_StdPeriph_Driver/src/stm32f4xx_flash.o
FLASH_WaitForLastOperation                        Libraries/STM32F4xx_StdPeriph_Driver/src/stm32f4xx_flash.o
FMC_ClearFlag                                     Libraries/STM32F4xx_StdPeriph_Driver/src/stm32f4xx_fmc.o
FMC_ClearITPendingBit                             Libraries/STM32F4xx_StdPeriph_Driver/src/stm32f4xx_fmc.o
FMC_GetECC                                        Libraries/STM32F4xx_StdPeriph_Driver/src/stm32f4xx_fmc.o
FMC_GetFlagStatus                                 Libraries/STM32F4xx_StdPeriph_Driver/src/stm32f4xx_fmc.o
                                                  Utilities/STM32F429I-Discovery/stm32f429i_discovery_sdram.o
FMC_GetITStatus                                   Libraries/STM32F4xx_StdPeriph_Driver/src/stm32f4xx_fmc.o
FMC_GetModeStatus                                 Libraries/STM32F4xx_StdPeriph_Driver/src/stm32f4xx_fmc.o
FMC_IRQHandler                                    src/startup_stm32f429x.o
FMC_ITConfig                                      Libraries/STM32F4xx_StdPeriph_Driver/src/stm32f4xx_fmc.o
FMC_NANDCmd                                       Libraries/STM32F4xx_StdPeriph_Driver/src/stm32f4xx_fmc.o
FMC_NANDDeInit                                    Libraries/STM32F4xx_StdPeriph_Driver/src/stm32f4xx_fmc.o
FMC_NANDECCCmd                                    Libraries/STM32F4xx_StdPeriph_Driver/src/stm32f4xx_fmc.o
FMC_NANDInit                                      Libraries/STM32F4xx_StdPeriph_Driver/src/stm32f4xx_fmc.o
FMC_NANDStructInit                                Libraries/STM32F4xx_StdPeriph_Driver/src/stm32f4xx_fmc.o
FMC_NORSRAMCmd                                    Libraries/STM32F4xx_StdPeriph_Driver/src/stm32f4xx_fmc.o
FMC_NORSRAMDeInit                                 Libraries/STM32F4xx_StdPeriph_Driver/src/stm32f4xx_fmc.o
FMC_NORSRAMInit                                   Libraries/STM32F4xx_StdPeriph_Driver/src/stm32f4xx_fmc.o
FMC_NORSRAMStructInit                             Libraries/STM32F4xx_StdPeriph_Driver/src/stm32f4xx_fmc.o
FMC_PCCARDCmd                                     Libraries/STM32F4xx_StdPeriph_Driver/src/stm32f4xx_fmc.o
FMC_PCCARDDeInit                                  Libraries/STM32F4xx_StdPeriph_Driver/src/stm32f4xx_fmc.o
FMC_PCCARDInit                                    Libraries/STM32F4xx_StdPeriph_Driver/src/stm32f4xx_fmc.o
FMC_PCCARDStructInit                              Libraries/STM32F4xx_StdPeriph_Driver/src/stm32f4xx_fmc.o
FMC_SDRAMCmdConfig                                Libraries/STM32F4xx_StdPeriph_Driver/src/stm32f4xx_fmc.o
                                                  Utilities/STM32F429I-Discovery/stm32f429i_discovery_sdram.o
FMC_SDRAMDeInit                                   Libraries/STM32F4xx_StdPeriph_Driver/src/stm32f4xx_fmc.o
FMC_SDRAMInit                                     Libraries/STM32F4xx_StdPeriph_Driver/src/stm32f4xx_fmc.o
                                                  Utilities/STM32F429I-Discovery/stm32f429i_discovery_sdram.o
FMC_SDRAMStructInit                               Libraries/STM32F4xx_StdPeriph_Driver/src/stm32f4xx_fmc.o
FMC_SDRAMWriteProtectionConfig                    Libraries/STM32F4xx_StdPeriph_Driver/src/stm32f4xx_fmc.o
                                                  Utilities/STM32F429I-Discovery/stm32f429i_discovery_sdram.o
FMC_SetAutoRefresh_Number                         Libraries/STM32F4xx_StdPeriph_Driver/src/stm32f4xx_fmc.o
FMC_SetRefreshCount                               Libraries/STM32F4xx_StdPeriph_Driver/src/stm32f4xx_fmc.o
                                                  Utilities/STM32F429I-Discovery/stm32f429i_discovery_sdram.o
FPU_IRQHandler                                    src/startup_stm32f429x.o
Font12x12                                         Utilities/Common/fonts.o
                                                  Utilities/Common/lcd_log.o
Font16x24                                         Utilities/Common/fonts.o
                                                  Utilities/STM32F429I-Discovery/stm32f429i_discovery_lcd.o
Font8x12                                          Utilities/Common/fonts.o
                                                  Utilities/Common/lcd_log.o
Font8x8                                           Utilities/Common/fonts.o
GPIO_CLK                                          Utilities/STM32F429I-Discovery/stm32f429i_discovery.o
GPIO_DeInit                                       Libraries/STM32F4xx_StdPeriph_Driver/src/stm32f4xx_gpio.o
GPIO_Init                                         Libraries/STM32F4xx_StdPeriph_Driver/src/stm32f4xx_gpio.o
                                                  Utilities/STM32F429I-Discovery/stm32f429i_discovery_sdram.o
                                                  Utilities/STM32F429I-Discovery/stm32f429i_discovery_lcd.o
                                                  Utilities/STM32F429I-Discovery/stm32f429i_discovery_l3gd20.o
                                                  Utilities/STM32F429I-Discovery/stm32f429i_discovery_ioe.o
                                                  Utilities/STM32F429I-Discovery/stm32f429i_discovery.o
GPIO_PIN                                          Utilities/STM32F429I-Discovery/stm32f429i_discovery.o
GPIO_PORT                                         Utilities/STM32F429I-Discovery/stm32f429i_discovery.o
GPIO_PinAFConfig                                  Libraries/STM32F4xx_StdPeriph_Driver/src/stm32f4xx_gpio.o
                                                  Utilities/STM32F429I-Discovery/stm32f429i_discovery_sdram.o
                                                  Utilities/STM32F429I-Discovery/stm32f429i_discovery_lcd.o
                                                  Utilities/STM32F429I-Discovery/stm32f429i_discovery_l3gd20.o
                                                  Utilities/STM32F429I-Discovery/stm32f429i_discovery_ioe.o
                                                  Utilities/STM32F429I-Discovery/stm32f429i_discovery.o
GPIO_PinLockConfig                                Libraries/STM32F4xx_StdPeriph_Driver/src/stm32f4xx_gpio.o
GPIO_ReadInputData                                Libraries/STM32F4xx_StdPeriph_Driver/src/stm32f4xx_gpio.o
GPIO_ReadInputDataBit                             Libraries/STM32F4xx_StdPeriph_Driver/src/stm32f4xx_gpio.o
                                                  Utilities/STM32F429I-Discovery/stm32f429i_discovery.o
GPIO_ReadOutputData                               Libraries/STM32F4xx_StdPeriph_Driver/src/stm32f4xx_gpio.o
GPIO_ReadOutputDataBit                            Libraries/STM32F4xx_StdPeriph_Driver/src/stm32f4xx_gpio.o
GPIO_ResetBits                                    Libraries/STM32F4xx_StdPeriph_Driver/src/stm32f4xx_gpio.o
                                                  Utilities/STM32F429I-Discovery/stm32f429i_discovery_lcd.o
                                                  Utilities/STM32F429I-Discovery/stm32f429i_discovery_l3gd20.o
GPIO_SetBits                                      Libraries/STM32F4xx_StdPeriph_Driver/src/stm32f4xx_gpio.o
                                                  Utilities/STM32F429I-Discovery/stm32f429i_discovery_lcd.o
                                                  Utilities/STM32F429I-Discovery/stm32f429i_discovery_l3gd20.o
GPIO_StructInit                                   Libraries/STM32F4xx_StdPeriph_Driver/src/stm32f4xx_gpio.o
GPIO_ToggleBits                                   Libraries/STM32F4xx_StdPeriph_Driver/src/stm32f4xx_gpio.o
GPIO_Write                                        Libraries/STM32F4xx_StdPeriph_Driver/src/stm32f4xx_gpio.o
GPIO_WriteBit                                     Libraries/STM32F4xx_StdPeriph_Driver/src/stm32f4xx_gpio.o
                                                  Utilities/STM32F429I-Discovery/stm32f429i_discovery_lcd.o
HASH_AutoStartDigest                              Libraries/STM32F4xx_StdPeriph_Driver/src/stm32f4xx_hash.o
HASH_ClearFlag                                    Libraries/STM32F4xx_StdPeriph_Driver/src/stm32f4xx_hash.o
HASH_ClearITPendingBit                            Libraries/STM32F4xx_StdPeriph_Driver/src/stm32f4xx_hash.o
HASH_DMACmd                                       Libraries/STM32F4xx_StdPeriph_Driver/src/stm32f4xx_hash.o
HASH_DataIn                                       Libraries/STM32F4xx_StdPeriph_Driver/src/stm32f4xx_hash.o
                                                  Libraries/STM32F4xx_StdPeriph_Driver/src/stm32f4xx_hash_sha1.o
                                                  Libraries/STM32F4xx_StdPeriph_Driver/src/stm32f4xx_hash_md5.o
HASH_DeInit                                       Libraries/STM32F4xx_StdPeriph_Driver/src/stm32f4xx_hash.o
                                                  Libraries/STM32F4xx_StdPeriph_Driver/src/stm32f4xx_hash_sha1.o
                                                  Libraries/STM32F4xx_StdPeriph_Driver/src/stm32f4xx_hash_md5.o
HASH_GetDigest                                    Libraries/STM32F4xx_StdPeriph_Driver/src/stm32f4xx_hash.o
                                                  Libraries/STM32F4xx_StdPeriph_Driver/src/stm32f4xx_hash_sha1.o
                                                  Libraries/STM32F4xx_StdPeriph_Driver/src/stm32f4xx_hash_md5.o
HASH_GetFlagStatus                                Libraries/STM32F4xx_StdPeriph_Driver/src/stm32f4xx_hash.o
                                                  Libraries/STM32F4xx_StdPeriph_Driver/src/stm32f4xx_hash_sha1.o
                                                  Libraries/STM32F4xx_StdPeriph_Driver/src/stm32f4xx_hash_md5.o
HASH_GetITStatus                                  Libraries/STM32F4xx_StdPeriph_Driver/src/stm32f4xx_hash.o
HASH_GetInFIFOWordsNbr                            Libraries/STM32F4xx_StdPeriph_Driver/src/stm32f4xx_hash.o
HASH_ITConfig                                     Libraries/STM32F4xx_StdPeriph_Driver/src/stm32f4xx_hash.o
HASH_Init                                         Libraries/STM32F4xx_StdPeriph_Driver/src/stm32f4xx_hash.o
                                                  Libraries/STM32F4xx_StdPeriph_Driver/src/stm32f4xx_hash_sha1.o
                                                  Libraries/STM32F4xx_StdPeriph_Driver/src/stm32f4xx_hash_md5.o
HASH_MD5                                          Libraries/STM32F4xx_StdPeriph_Driver/src/stm32f4xx_hash_md5.o
HASH_RNG_IRQHandler                               src/startup_stm32f429x.o
HASH_Reset                                        Libraries/STM32F4xx_StdPeriph_Driver/src/stm32f4xx_hash.o
HASH_RestoreContext                               Libraries/STM32F4xx_StdPeriph_Driver/src/stm32f4xx_hash.o
HASH_SHA1                                         Libraries/STM32F4xx_StdPeriph_Driver/src/stm32f4xx_hash_sha1.o
HASH_SaveContext                                  Libraries/STM32F4xx_StdPeriph_Driver/src/stm32f4xx_hash.o
HASH_SetLastWordValidBitsNbr                      Libraries/STM32F4xx_StdPeriph_Driver/src/stm32f4xx_hash.o
                                                  Libraries/STM32F4xx_StdPeriph_Driver/src/stm32f4xx_hash_sha1.o
                                                  Libraries/STM32F4xx_StdPeriph_Driver/src/stm32f4xx_hash_md5.o
HASH_StartDigest                                  Libraries/STM32F4xx_StdPeriph_Driver/src/stm32f4xx_hash.o
                                                  Libraries/STM32F4xx_StdPeriph_Driver/src/stm32f4xx_hash_sha1.o
                                                  Libraries/STM32F4xx_StdPeriph_Driver/src/stm32f4xx_hash_md5.o
HASH_StructInit                                   Libraries/STM32F4xx_StdPeriph_Driver/src/stm32f4xx_hash.o
HMAC_MD5                                          Libraries/STM32F4xx_StdPeriph_Driver/src/stm32f4xx_hash_md5.o
HMAC_SHA1                                         Libraries/STM32F4xx_StdPeriph_Driver/src/stm32f4xx_hash_sha1.o
HardFault_Handler                                 src/stm32f4xx_it.o
                                                  src/startup_stm32f429x.o
I2C1_ER_IRQHandler                                src/startup_stm32f429x.o
I2C1_EV_IRQHandler                                src/startup_stm32f429x.o
I2C2_ER_IRQHandler                                src/startup_stm32f429x.o
I2C2_EV_IRQHandler                                src/startup_stm32f429x.o
I2C3_ER_IRQHandler                                src/startup_stm32f429x.o
I2C3_EV_IRQHandler                                src/startup_stm32f429x.o
I2C_ARPCmd                                        Libraries/STM32F4xx_StdPeriph_Driver/src/stm32f4xx_i2c.o
I2C_AcknowledgeConfig                             Libraries/STM32F4xx_StdPeriph_Driver/src/stm32f4xx_i2c.o
                                                  Utilities/STM32F429I-Discovery/stm32f429i_discovery_ioe.o
                                                  Utilities/STM32F429I-Discovery/stm32f429i_discovery_i2c_ee.o
I2C_AnalogFilterCmd                               Libraries/STM32F4xx_StdPeriph_Driver/src/stm32f4xx_i2c.o
I2C_CalculatePEC                                  Libraries/STM32F4xx_StdPeriph_Driver/src/stm32f4xx_i2c.o
I2C_CheckEvent                                    Libraries/STM32F4xx_StdPeriph_Driver/src/stm32f4xx_i2c.o
                                                  Utilities/STM32F429I-Discovery/stm32f429i_discovery_ioe.o
                                                  Utilities/STM32F429I-Discovery/stm32f429i_discovery_i2c_ee.o
I2C_ClearFlag                                     Libraries/STM32F4xx_StdPeriph_Driver/src/stm32f4xx_i2c.o
                                                  Utilities/STM32F429I-Discovery/stm32f429i_discovery_i2c_ee.o
I2C_ClearITPendingBit                             Libraries/STM32F4xx_StdPeriph_Driver/src/stm32f4xx_i2c.o
I2C_Cmd                                           Libraries/STM32F4xx_StdPeriph_Driver/src/stm32f4xx_i2c.o
                                                  Utilities/STM32F429I-Discovery/stm32f429i_discovery_ioe.o
                                                  Utilities/STM32F429I-Discovery/stm32f429i_discovery_i2c_ee.o
                                                  Utilities/STM32F429I-Discovery/stm32f429i_discovery.o
I2C_DMACmd                                        Libraries/STM32F4xx_StdPeriph_Driver/src/stm32f4xx_i2c.o
                                                  Utilities/STM32F429I-Discovery/stm32f429i_discovery_ioe.o
                                                  Utilities/STM32F429I-Discovery/stm32f429i_discovery_i2c_ee.o
I2C_DMALastTransferCmd                            Libraries/STM32F4xx_StdPeriph_Driver/src/stm32f4xx_i2c.o
                                                  Utilities/STM32F429I-Discovery/stm32f429i_discovery_ioe.o
                                                  Utilities/STM32F429I-Discovery/stm32f429i_discovery_i2c_ee.o
I2C_DMA_ReadDataBuffer                            Utilities/STM32F429I-Discovery/stm32f429i_discovery_ioe.o
I2C_DMA_ReadDeviceRegister                        Utilities/STM32F429I-Discovery/stm32f429i_discovery_ioe.o
I2C_DMA_WriteDeviceRegister                       Utilities/STM32F429I-Discovery/stm32f429i_discovery_ioe.o
I2C_DeInit                                        Libraries/STM32F4xx_StdPeriph_Driver/src/stm32f4xx_i2c.o
                                                  Utilities/STM32F429I-Discovery/stm32f429i_discovery_ioe.o
                                                  Utilities/STM32F429I-Discovery/stm32f429i_discovery.o
I2C_DigitalFilterConfig                           Libraries/STM32F4xx_StdPeriph_Driver/src/stm32f4xx_i2c.o
I2C_DualAddressCmd                                Libraries/STM32F4xx_StdPeriph_Driver/src/stm32f4xx_i2c.o
I2C_FastModeDutyCycleConfig                       Libraries/STM32F4xx_StdPeriph_Driver/src/stm32f4xx_i2c.o
I2C_GeneralCallCmd                                Libraries/STM32F4xx_StdPeriph_Driver/src/stm32f4xx_i2c.o
I2C_GenerateSTART                                 Libraries/STM32F4xx_StdPeriph_Driver/src/stm32f4xx_i2c.o
                                                  Utilities/STM32F429I-Discovery/stm32f429i_discovery_ioe.o
                                                  Utilities/STM32F429I-Discovery/stm32f429i_discovery_i2c_ee.o
I2C_GenerateSTOP                                  Libraries/STM32F4xx_StdPeriph_Driver/src/stm32f4xx_i2c.o
                                                  Utilities/STM32F429I-Discovery/stm32f429i_discovery_ioe.o
                                                  Utilities/STM32F429I-Discovery/stm32f429i_discovery_i2c_ee.o
I2C_GetFlagStatus                                 Libraries/STM32F4xx_StdPeriph_Driver/src/stm32f4xx_i2c.o
                                                  Utilities/STM32F429I-Discovery/stm32f429i_discovery_ioe.o
                                                  Utilities/STM32F429I-Discovery/stm32f429i_discovery_i2c_ee.o
I2C_GetITStatus                                   Libraries/STM32F4xx_StdPeriph_Driver/src/stm32f4xx_i2c.o
I2C_GetLastEvent                                  Libraries/STM32F4xx_StdPeriph_Driver/src/stm32f4xx_i2c.o
I2C_GetPEC                                        Libraries/STM32F4xx_StdPeriph_Driver/src/stm32f4xx_i2c.o
I2C_ITConfig                                      Libraries/STM32F4xx_StdPeriph_Driver/src/stm32f4xx_i2c.o
I2C_Init                                          Libraries/STM32F4xx_StdPeriph_Driver/src/stm32f4xx_i2c.o
                                                  Utilities/STM32F429I-Discovery/stm32f429i_discovery_ioe.o
                                                  Utilities/STM32F429I-Discovery/stm32f429i_discovery_i2c_ee.o
I2C_NACKPositionConfig                            Libraries/STM32F4xx_StdPeriph_Driver/src/stm32f4xx_i2c.o
                                                  Utilities/STM32F429I-Discovery/stm32f429i_discovery_ioe.o
I2C_OwnAddress2Config                             Libraries/STM32F4xx_StdPeriph_Driver/src/stm32f4xx_i2c.o
I2C_PECPositionConfig                             Libraries/STM32F4xx_StdPeriph_Driver/src/stm32f4xx_i2c.o
I2C_ReadDataBuffer                                Utilities/STM32F429I-Discovery/stm32f429i_discovery_ioe.o
I2C_ReadDeviceRegister                            Utilities/STM32F429I-Discovery/stm32f429i_discovery_ioe.o
I2C_ReadRegister                                  Libraries/STM32F4xx_StdPeriph_Driver/src/stm32f4xx_i2c.o
I2C_ReceiveData                                   Libraries/STM32F4xx_StdPeriph_Driver/src/stm32f4xx_i2c.o
                                                  Utilities/STM32F429I-Discovery/stm32f429i_discovery_ioe.o
                                                  Utilities/STM32F429I-Discovery/stm32f429i_discovery_i2c_ee.o
I2C_SMBusAlertConfig                              Libraries/STM32F4xx_StdPeriph_Driver/src/stm32f4xx_i2c.o
I2C_Send7bitAddress                               Libraries/STM32F4xx_StdPeriph_Driver/src/stm32f4xx_i2c.o
                                                  Utilities/STM32F429I-Discovery/stm32f429i_discovery_ioe.o
                                                  Utilities/STM32F429I-Discovery/stm32f429i_discovery_i2c_ee.o
I2C_SendData                                      Libraries/STM32F4xx_StdPeriph_Driver/src/stm32f4xx_i2c.o
                                                  Utilities/STM32F429I-Discovery/stm32f429i_discovery_ioe.o
                                                  Utilities/STM32F429I-Discovery/stm32f429i_discovery_i2c_ee.o
I2C_SoftwareResetCmd                              Libraries/STM32F4xx_StdPeriph_Driver/src/stm32f4xx_i2c.o
                                                  Utilities/STM32F429I-Discovery/stm32f429i_discovery_ioe.o
I2C_StretchClockCmd                               Libraries/STM32F4xx_StdPeriph_Driver/src/stm32f4xx_i2c.o
I2C_StructInit                                    Libraries/STM32F4xx_StdPeriph_Driver/src/stm32f4xx_i2c.o
I2C_TransmitPEC                                   Libraries/STM32F4xx_StdPeriph_Driver/src/stm32f4xx_i2c.o
I2C_WriteDeviceRegister                           Utilities/STM32F429I-Discovery/stm32f429i_discovery_ioe.o
I2S_Cmd                                           Libraries/STM32F4xx_StdPeriph_Driver/src/stm32f4xx_spi.o
I2S_FullDuplexConfig                              Libraries/STM32F4xx_StdPeriph_Driver/src/stm32f4xx_spi.o
I2S_Init                                          Libraries/STM32F4xx_StdPeriph_Driver/src/stm32f4xx_spi.o
I2S_StructInit                                    Libraries/STM32F4xx_StdPeriph_Driver/src/stm32f4xx_spi.o
IOE_ClearGITPending                               Utilities/STM32F429I-Discovery/stm32f429i_discovery_ioe.o
IOE_Config                                        Utilities/STM32F429I-Discovery/stm32f429i_discovery_ioe.o
IOE_FnctCmd                                       Utilities/STM32F429I-Discovery/stm32f429i_discovery_ioe.o
IOE_GITCmd                                        Utilities/STM32F429I-Discovery/stm32f429i_discovery_ioe.o
IOE_GITConfig                                     Utilities/STM32F429I-Discovery/stm32f429i_discovery_ioe.o
IOE_GetGITStatus                                  Utilities/STM32F429I-Discovery/stm32f429i_discovery_ioe.o
IOE_IOAFConfig                                    Utilities/STM32F429I-Discovery/stm32f429i_discovery_ioe.o
IOE_IsOperational                                 Utilities/STM32F429I-Discovery/stm32f429i_discovery_ioe.o
IOE_ReadID                                        Utilities/STM32F429I-Discovery/stm32f429i_discovery_ioe.o
IOE_Reset                                         Utilities/STM32F429I-Discovery/stm32f429i_discovery_ioe.o
IOE_TPITConfig                                    Utilities/STM32F429I-Discovery/stm32f429i_discovery_ioe.o
IOE_TP_Config                                     Utilities/STM32F429I-Discovery/stm32f429i_discovery_ioe.o
IOE_TP_GetState                                   Utilities/STM32F429I-Discovery/stm32f429i_discovery_ioe.o
IOE_TimeOut                                       Utilities/STM32F429I-Discovery/stm32f429i_discovery_ioe.o
IOE_TimeoutUserCallback                           Utilities/STM32F429I-Discovery/stm32f429i_discovery_ioe.o
IWDG_Enable                                       Libraries/STM32F4xx_StdPeriph_Driver/src/stm32f4xx_iwdg.o
IWDG_GetFlagStatus                                Libraries/STM32F4xx_StdPeriph_Driver/src/stm32f4xx_iwdg.o
IWDG_ReloadCounter                                Libraries/STM32F4xx_StdPeriph_Driver/src/stm32f4xx_iwdg.o
IWDG_SetPrescaler                                 Libraries/STM32F4xx_StdPeriph_Driver/src/stm32f4xx_iwdg.o
IWDG_SetReload                                    Libraries/STM32F4xx_StdPeriph_Driver/src/stm32f4xx_iwdg.o
IWDG_WriteAccessCmd                               Libraries/STM32F4xx_StdPeriph_Driver/src/stm32f4xx_iwdg.o
L3GD20Timeout                                     Utilities/STM32F429I-Discovery/stm32f429i_discovery_l3gd20.o
L3GD20_FilterCmd                                  Utilities/STM32F429I-Discovery/stm32f429i_discovery_l3gd20.o
L3GD20_FilterConfig                               Utilities/STM32F429I-Discovery/stm32f429i_discovery_l3gd20.o
L3GD20_GetDataStatus                              Utilities/STM32F429I-Discovery/stm32f429i_discovery_l3gd20.o
L3GD20_INT1InterruptCmd                           Utilities/STM32F429I-Discovery/stm32f429i_discovery_l3gd20.o
L3GD20_INT1InterruptConfig                        Utilities/STM32F429I-Discovery/stm32f429i_discovery_l3gd20.o
L3GD20_INT2InterruptCmd                           Utilities/STM32F429I-Discovery/stm32f429i_discovery_l3gd20.o
L3GD20_Init                                       Utilities/STM32F429I-Discovery/stm32f429i_discovery_l3gd20.o
L3GD20_Read                                       Utilities/STM32F429I-Discovery/stm32f429i_discovery_l3gd20.o
L3GD20_RebootCmd                                  Utilities/STM32F429I-Discovery/stm32f429i_discovery_l3gd20.o
L3GD20_TIMEOUT_UserCallback                       Utilities/STM32F429I-Discovery/stm32f429i_discovery_l3gd20.o
L3GD20_Write                                      Utilities/STM32F429I-Discovery/stm32f429i_discovery_l3gd20.o
LCD_CacheBuffer                                   Utilities/Common/lcd_log.o
LCD_CacheBuffer_xptr                              Utilities/Common/lcd_log.o
LCD_CacheBuffer_yptr_bottom                       Utilities/Common/lcd_log.o
LCD_CacheBuffer_yptr_bottom_bak                   Utilities/Common/lcd_log.o
LCD_CacheBuffer_yptr_invert                       Utilities/Common/lcd_log.o
LCD_CacheBuffer_yptr_top                          Utilities/Common/lcd_log.o
LCD_CacheBuffer_yptr_top_bak                      Utilities/Common/lcd_log.o
LCD_ChipSelect                                    Utilities/STM32F429I-Discovery/stm32f429i_discovery_lcd.o
LCD_Clear                                         Utilities/STM32F429I-Discovery/stm32f429i_discovery_lcd.o
                                                  Utilities/Common/lcd_log.o
LCD_ClearLine                                     Utilities/STM32F429I-Discovery/stm32f429i_discovery_lcd.o
                                                  Utilities/Common/lcd_log.o
LCD_ClosedPolyLine                                Utilities/STM32F429I-Discovery/stm32f429i_discovery_lcd.o
LCD_ClosedPolyLineRelative                        Utilities/STM32F429I-Discovery/stm32f429i_discovery_lcd.o
LCD_CtrlLinesConfig                               Utilities/STM32F429I-Discovery/stm32f429i_discovery_lcd.o
LCD_CtrlLinesWrite                                Utilities/STM32F429I-Discovery/stm32f429i_discovery_lcd.o
LCD_DeInit                                        Utilities/STM32F429I-Discovery/stm32f429i_discovery_lcd.o
LCD_DisplayChar                                   Utilities/STM32F429I-Discovery/stm32f429i_discovery_lcd.o
LCD_DisplayOff                                    Utilities/STM32F429I-Discovery/stm32f429i_discovery_lcd.o
LCD_DisplayOn                                     Utilities/STM32F429I-Discovery/stm32f429i_discovery_lcd.o
LCD_DisplayStringLine                             Utilities/STM32F429I-Discovery/stm32f429i_discovery_lcd.o
                                                  Utilities/Common/lcd_log.o
LCD_DrawChar                                      Utilities/STM32F429I-Discovery/stm32f429i_discovery_lcd.o
LCD_DrawCircle                                    Utilities/STM32F429I-Discovery/stm32f429i_discovery_lcd.o
LCD_DrawEllipse                                   Utilities/STM32F429I-Discovery/stm32f429i_discovery_lcd.o
LCD_DrawFullCircle                                Utilities/STM32F429I-Discovery/stm32f429i_discovery_lcd.o
LCD_DrawFullEllipse                               Utilities/STM32F429I-Discovery/stm32f429i_discovery_lcd.o
LCD_DrawFullRect                                  Utilities/STM32F429I-Discovery/stm32f429i_discovery_lcd.o
LCD_DrawLine                                      Utilities/STM32F429I-Discovery/stm32f429i_discovery_lcd.o
LCD_DrawMonoPict                                  Utilities/STM32F429I-Discovery/stm32f429i_discovery_lcd.o
LCD_DrawRect                                      Utilities/STM32F429I-Discovery/stm32f429i_discovery_lcd.o
LCD_DrawUniLine                                   Utilities/STM32F429I-Discovery/stm32f429i_discovery_lcd.o